Component: Arm Compiler for Embedded 6.24 Tool: armlink [5f371500]

==============================================================================

Section Cross References

    startup_da14585_586.o(RESET) refers to startup_da14585_586.o(STACK) for __initial_sp
    startup_da14585_586.o(RESET) refers to startup_da14585_586.o(.text) for Reset_Handler
    startup_da14585_586.o(RESET) refers to lto-llvm-116631.o(.text.SysTick_Handler) for SysTick_Handler
    startup_da14585_586.o(RESET) refers to lto-llvm-116631.o(.text.BLE_WAKEUP_LP_Handler) for BLE_WAKEUP_LP_Handler
    startup_da14585_586.o(RESET) refers to lto-llvm-116631.o(.text.rwble_isr) for rwble_isr
    startup_da14585_586.o(RESET) refers to lto-llvm-116631.o(.text.UART2_Handler) for UART2_Handler
    startup_da14585_586.o(RESET) refers to lto-llvm-116631.o(.text.I2C_Handler) for I2C_Handler
    startup_da14585_586.o(RESET) refers to lto-llvm-116631.o(.text.ADC_Handler) for ADC_Handler
    startup_da14585_586.o(RESET) refers to lto-llvm-116631.o(.text.GPIO0_Handler) for GPIO0_Handler
    startup_da14585_586.o(RESET) refers to lto-llvm-116631.o(.text.GPIO1_Handler) for GPIO1_Handler
    startup_da14585_586.o(RESET) refers to lto-llvm-116631.o(.text.GPIO2_Handler) for GPIO2_Handler
    startup_da14585_586.o(RESET) refers to lto-llvm-116631.o(.text.GPIO3_Handler) for GPIO3_Handler
    startup_da14585_586.o(RESET) refers to lto-llvm-116631.o(.text.GPIO4_Handler) for GPIO4_Handler
    startup_da14585_586.o(RESET) refers to lto-llvm-116631.o(.text.WKUP_QUADEC_Handler) for WKUP_QUADEC_Handler
    startup_da14585_586.o(.text) refers to lto-llvm-116631.o(system_DA14xxx) for SystemInit
    startup_da14585_586.o(.text) refers to entry.o(.ARM.Collect$$$$00000000) for __main
    startup_da14585_586.o(.text) refers to lto-llvm-116631.o(.text.NMI_HandlerC) for NMI_HandlerC
    startup_da14585_586.o(.text) refers to lto-llvm-116631.o(.text.HardFault_HandlerC) for HardFault_HandlerC
    patch.o(.text) refers to patch.o(.constdata) for .constdata
    patch.o(.constdata) refers to patch.o(.text) for PATCHED_llcp_length_req_handler
    patch.o(.constdata) refers to smpc_util.o(.text) for PATCHED_smpc_dhkey_calc_start
    cos.o(i.__softfp_cos) refers (Special) to iusefp.o(.text) for __I$use$fp
    cos.o(i.__softfp_cos) refers to cos.o(i.cos) for cos
    cos.o(i.cos) refers (Special) to iusefp.o(.text) for __I$use$fp
    cos.o(i.cos) refers to errno.o(i.__set_errno) for __set_errno
    cos.o(i.cos) refers to dunder.o(i.__mathlib_dbl_invalid) for __mathlib_dbl_invalid
    cos.o(i.cos) refers to dunder.o(i.__mathlib_dbl_infnan) for __mathlib_dbl_infnan
    cos.o(i.cos) refers to rred.o(i.__ieee754_rem_pio2) for __ieee754_rem_pio2
    cos.o(i.cos) refers to sin_i.o(i.__kernel_sin) for __kernel_sin
    cos.o(i.cos) refers to cos_i.o(i.__kernel_cos) for __kernel_cos
    sin.o(i.__softfp_sin) refers (Special) to iusefp.o(.text) for __I$use$fp
    sin.o(i.__softfp_sin) refers to sin.o(i.sin) for sin
    sin.o(i.sin) refers (Special) to iusefp.o(.text) for __I$use$fp
    sin.o(i.sin) refers to errno.o(i.__set_errno) for __set_errno
    sin.o(i.sin) refers to dunder.o(i.__mathlib_dbl_invalid) for __mathlib_dbl_invalid
    sin.o(i.sin) refers to dunder.o(i.__mathlib_dbl_infnan) for __mathlib_dbl_infnan
    sin.o(i.sin) refers to rred.o(i.__ieee754_rem_pio2) for __ieee754_rem_pio2
    sin.o(i.sin) refers to cos_i.o(i.__kernel_cos) for __kernel_cos
    sin.o(i.sin) refers to sin_i.o(i.__kernel_sin) for __kernel_sin
    entry.o(.ARM.Collect$$$$00000000) refers (Special) to entry10a.o(.ARM.Collect$$$$0000000D) for __rt_final_cpp
    entry.o(.ARM.Collect$$$$00000000) refers (Special) to entry11a.o(.ARM.Collect$$$$0000000F) for __rt_final_exit
    entry.o(.ARM.Collect$$$$00000000) refers (Special) to entry7b.o(.ARM.Collect$$$$00000008) for _main_clock
    entry.o(.ARM.Collect$$$$00000000) refers (Special) to entry8b.o(.ARM.Collect$$$$0000000A) for _main_cpp_init
    entry.o(.ARM.Collect$$$$00000000) refers (Special) to entry9a.o(.ARM.Collect$$$$0000000B) for _main_init
    entry.o(.ARM.Collect$$$$00000000) refers (Special) to entry5.o(.ARM.Collect$$$$00000004) for _main_scatterload
    entry.o(.ARM.Collect$$$$00000000) refers (Special) to entry2.o(.ARM.Collect$$$$00000001) for _main_stk
    printfb.o(i.__0fprintf$bare) refers to printfb.o(i._printf_core) for _printf_core
    printfb.o(i.__0fprintf$bare) refers to fputc.o(i.fputc) for fputc
    printfb.o(i.__0printf$bare) refers to printfb.o(i._printf_core) for _printf_core
    printfb.o(i.__0printf$bare) refers to fputc.o(i.fputc) for fputc
    printfb.o(i.__0printf$bare) refers to stdout.o(.data) for __stdout
    printfb.o(i.__0snprintf$bare) refers to printfb.o(i._printf_core) for _printf_core
    printfb.o(i.__0snprintf$bare) refers to printfb.o(i._snputc) for _snputc
    printfb.o(i.__0sprintf$bare) refers to printfb.o(i._printf_core) for _printf_core
    printfb.o(i.__0sprintf$bare) refers to printfb.o(i._sputc) for _sputc
[...]
    l2cc_pdu_unpack_func                     0x07f18b01   Thumb Code     0  da14585_symbols.txt ABSOLUTE
    l2cc_detect_dest                         0x07f18e03   Thumb Code     0  da14585_symbols.txt ABSOLUTE
    l2c_process_sdu_func                     0x07f18e5f   Thumb Code     0  da14585_symbols.txt ABSOLUTE
    l2c_send_lecb_message_func               0x07f18f77   Thumb Code     0  da14585_symbols.txt ABSOLUTE
    smpc_check_param_func                    0x07f19071   Thumb Code     0  da14585_symbols.txt ABSOLUTE
    smpc_construct_id_addr_info_pdu          0x07f19157   Thumb Code     0  da14585_symbols.txt ABSOLUTE
    smpc_recv_pair_rand_pdu                  0x07f193e3   Thumb Code     0  da14585_symbols.txt ABSOLUTE
    smpc_recv_public_key_exchange_pdu        0x07f19647   Thumb Code     0  da14585_symbols.txt ABSOLUTE
    gapc_hci_handler                         0x07f19c73   Thumb Code     0  da14585_symbols.txt ABSOLUTE
    gapm_hci_handler                         0x07f1a8c1   Thumb Code     0  da14585_symbols.txt ABSOLUTE
    smpc_pairing_start                       0x07f1a951   Thumb Code     0  da14585_symbols.txt ABSOLUTE
    smpc_pairing_tk_exch                     0x07f1a9d7   Thumb Code     0  da14585_symbols.txt ABSOLUTE
    smpc_pairing_ltk_exch                    0x07f1aa95   Thumb Code     0  da14585_symbols.txt ABSOLUTE
    smpc_pairing_csrk_exch                   0x07f1aae9   Thumb Code     0  da14585_symbols.txt ABSOLUTE
    smpc_pairing_rsp                         0x07f1ab3f   Thumb Code     0  da14585_symbols.txt ABSOLUTE
    smpc_pairing_req_handler                 0x07f1ac23   Thumb Code     0  da14585_symbols.txt ABSOLUTE
    smpc_security_req_send                   0x07f1ac5b   Thumb Code     0  da14585_symbols.txt ABSOLUTE
    smpc_encrypt_start                       0x07f1ac85   Thumb Code     0  da14585_symbols.txt ABSOLUTE
    smpc_encrypt_start_handler               0x07f1acab   Thumb Code     0  da14585_symbols.txt ABSOLUTE
    smpc_encrypt_cfm                         0x07f1acdd   Thumb Code     0  da14585_symbols.txt ABSOLUTE
    smpc_sign_command                        0x07f1ad09   Thumb Code     0  da14585_symbols.txt ABSOLUTE
    smpc_sign_cont                           0x07f1ade1   Thumb Code     0  da14585_symbols.txt ABSOLUTE
    smpc_calc_confirm_cont                   0x07f1af87   Thumb Code     0  da14585_symbols.txt ABSOLUTE
    smpc_confirm_gen_rand                    0x07f1b4c9   Thumb Code     0  da14585_symbols.txt ABSOLUTE
    smpc_public_key_exchange_start_func      0x07f1b58f   Thumb Code     0  da14585_symbols.txt ABSOLUTE
    smpc_dhkey_calc_start                    0x07f1b5b3   Thumb Code     0  da14585_symbols.txt ABSOLUTE
    smpc_sec_authentication_start            0x07f1b601   Thumb Code     0  da14585_symbols.txt ABSOLUTE
    smpc_dhkey_calc_ind_func                 0x07f1b62f   Thumb Code     0  da14585_symbols.txt ABSOLUTE
    smpm_gen_rand_addr                       0x07f1b675   Thumb Code     0  da14585_symbols.txt ABSOLUTE
    smpm_resolv_addr                         0x07f1b68d   Thumb Code     0  da14585_symbols.txt ABSOLUTE
    smpm_use_enc_block                       0x07f1b6af   Thumb Code     0  da14585_symbols.txt ABSOLUTE
    smpm_gen_rand_nb                         0x07f1b6b7   Thumb Code     0  da14585_symbols.txt ABSOLUTE
    smpm_ecdh_key_create_func                0x07f1b6bf   Thumb Code     0  da14585_symbols.txt ABSOLUTE
    ke_init                                  0x07f1b6dd   Thumb Code     0  da14585_symbols.txt ABSOLUTE
    ke_flush                                 0x07f1b70f   Thumb Code     0  da14585_symbols.txt ABSOLUTE
    ke_sleep_check                           0x07f1b74f   Thumb Code     0  da14585_symbols.txt ABSOLUTE
    ke_stats_get                             0x07f1b761   Thumb Code     0  da14585_symbols.txt ABSOLUTE
    ke_event_init                            0x07f1b77d   Thumb Code     0  da14585_symbols.txt ABSOLUTE
    ke_event_callback_set                    0x07f1b789   Thumb Code     0  da14585_symbols.txt ABSOLUTE
    ke_event_set                             0x07f1b79d   Thumb Code     0  da14585_symbols.txt ABSOLUTE
    ke_event_clear                           0x07f1b7c9   Thumb Code     0  da14585_symbols.txt ABSOLUTE
    ke_event_get                             0x07f1b7f5   Thumb Code     0  da14585_symbols.txt ABSOLUTE
    ke_event_get_all                         0x07f1b81b   Thumb Code     0  da14585_symbols.txt ABSOLUTE
    ke_event_flush                           0x07f1b821   Thumb Code     0  da14585_symbols.txt ABSOLUTE
    ke_event_schedule                        0x07f1b829   Thumb Code     0  da14585_symbols.txt ABSOLUTE
    ke_mem_init                              0x07f1b879   Thumb Code     0  da14585_symbols.txt ABSOLUTE
    ke_mem_is_empty                          0x07f1b8c5   Thumb Code     0  da14585_symbols.txt ABSOLUTE
    ke_check_malloc                          0x07f1b905   Thumb Code     0  da14585_symbols.txt ABSOLUTE
    ke_malloc                                0x07f1b995   Thumb Code     0  da14585_symbols.txt ABSOLUTE
    ke_free                                  0x07f1ba8b   Thumb Code     0  da14585_symbols.txt ABSOLUTE
    ke_is_free                               0x07f1bb6d   Thumb Code     0  da14585_symbols.txt ABSOLUTE
    ke_get_mem_usage                         0x07f1bb7f   Thumb Code     0  da14585_symbols.txt ABSOLUTE
    ke_get_max_mem_usage                     0x07f1bb8b   Thumb Code     0  da14585_symbols.txt ABSOLUTE
    ke_msg_alloc                             0x07f1bbb1   Thumb Code     0  da14585_symbols.txt ABSOLUTE
    ke_msg_send                              0x07f1bbe3   Thumb Code     0  da14585_symbols.txt ABSOLUTE
    ke_msg_send_basic                        0x07f1bc0f   Thumb Code     0  da14585_symbols.txt ABSOLUTE
    ke_msg_forward                           0x07f1bc1d   Thumb Code     0  da14585_symbols.txt ABSOLUTE
    ke_msg_forward_new_id                    0x07f1bc27   Thumb Code     0  da14585_symbols.txt ABSOLUTE
    ke_msg_free                              0x07f1bc37   Thumb Code     0  da14585_symbols.txt ABSOLUTE
    ke_msg_dest_id_get                       0x07f1bc3f   Thumb Code     0  da14585_symbols.txt ABSOLUTE
    ke_msg_src_id_get                        0x07f1bc45   Thumb Code     0  da14585_symbols.txt ABSOLUTE
    ke_msg_in_queue                          0x07f1bc4b   Thumb Code     0  da14585_symbols.txt ABSOLUTE
    ke_queue_extract                         0x07f1bc5d   Thumb Code     0  da14585_symbols.txt ABSOLUTE
    ke_queue_insert                          0x07f1bcad   Thumb Code     0  da14585_symbols.txt ABSOLUTE
    ke_task_init_func                        0x07f1be3f   Thumb Code     0  da14585_symbols.txt ABSOLUTE
    ke_task_create                           0x07f1be53   Thumb Code     0  da14585_symbols.txt ABSOLUTE
    ke_task_delete                           0x07f1be8b   Thumb Code     0  da14585_symbols.txt ABSOLUTE
    ke_state_set                             0x07f1beb7   Thumb Code     0  da14585_symbols.txt ABSOLUTE
    ke_state_get                             0x07f1bf1b   Thumb Code     0  da14585_symbols.txt ABSOLUTE
    ke_msg_discard                           0x07f1bf39   Thumb Code     0  da14585_symbols.txt ABSOLUTE
    ke_msg_save                              0x07f1bf3d   Thumb Code     0  da14585_symbols.txt ABSOLUTE
    ke_task_msg_flush                        0x07f1bf41   Thumb Code     0  da14585_symbols.txt ABSOLUTE
    ke_timer_init_func                       0x07f1c049   Thumb Code     0  da14585_symbols.txt ABSOLUTE
    ke_timer_set                             0x07f1c055   Thumb Code     0  da14585_symbols.txt ABSOLUTE
    ke_timer_clear                           0x07f1c0e9   Thumb Code     0  da14585_symbols.txt ABSOLUTE
    ke_timer_active                          0x07f1c13f   Thumb Code     0  da14585_symbols.txt ABSOLUTE
    ke_timer_sleep_check                     0x07f1c165   Thumb Code     0  da14585_symbols.txt ABSOLUTE
    rwble_hl_reset                           0x07f1c28b   Thumb Code     0  da14585_symbols.txt ABSOLUTE
    rwble_hl_send_message                    0x07f1c2ad   Thumb Code     0  da14585_symbols.txt ABSOLUTE
    rwip_check_wakeup_boundary               0x07f1c2b1   Thumb Code     0  da14585_symbols.txt ABSOLUTE
    rwip_init                                0x07f1c2d7   Thumb Code     0  da14585_symbols.txt ABSOLUTE
    rwip_reset                               0x07f1c39b   Thumb Code     0  da14585_symbols.txt ABSOLUTE
    rwip_version                             0x07f1c3d3   Thumb Code     0  da14585_symbols.txt ABSOLUTE
    rwip_schedule                            0x07f1c3db   Thumb Code     0  da14585_symbols.txt ABSOLUTE
    rwip_prevent_sleep_set                   0x07f1c47f   Thumb Code     0  da14585_symbols.txt ABSOLUTE
    rwip_wakeup                              0x07f1c4a1   Thumb Code     0  da14585_symbols.txt ABSOLUTE
    rwip_prevent_sleep_clear                 0x07f1c4b7   Thumb Code     0  da14585_symbols.txt ABSOLUTE
    rwip_wakeup_end                          0x07f1c4d9   Thumb Code     0  da14585_symbols.txt ABSOLUTE
    rwip_wakeup_delay_set                    0x07f1c4f5   Thumb Code     0  da14585_symbols.txt ABSOLUTE
    rwip_sleep_enable                        0x07f1c503   Thumb Code     0  da14585_symbols.txt ABSOLUTE
    rwip_ext_wakeup_enable                   0x07f1c509   Thumb Code     0  da14585_symbols.txt ABSOLUTE
    rwble_init                               0x07f1c52d   Thumb Code     0  da14585_symbols.txt ABSOLUTE
    rwble_reset                              0x07f1c593   Thumb Code     0  da14585_symbols.txt ABSOLUTE
    rwble_version                            0x07f1c5c7   Thumb Code     0  da14585_symbols.txt ABSOLUTE
    rwble_send_message                       0x07f1c5f3   Thumb Code     0  da14585_symbols.txt ABSOLUTE
    YieldToScheduler                         0x07f1c6d9   Thumb Code     0  da14585_symbols.txt ABSOLUTE
    xorshift64star                           0x07f1c6e1   Thumb Code     0  da14585_symbols.txt ABSOLUTE
    uECC_set_rng                             0x07f1c747   Thumb Code     0  da14585_symbols.txt ABSOLUTE
    uECC_get_rng                             0x07f1c74d   Thumb Code     0  da14585_symbols.txt ABSOLUTE
    uECC_curve_private_key_size              0x07f1c753   Thumb Code     0  da14585_symbols.txt ABSOLUTE
    uECC_curve_public_key_size               0x07f1c763   Thumb Code     0  da14585_symbols.txt ABSOLUTE
    uECC_vli_clear                           0x07f1c76b   Thumb Code     0  da14585_symbols.txt ABSOLUTE
    uECC_vli_isZero                          0x07f1c781   Thumb Code     0  da14585_symbols.txt ABSOLUTE
    uECC_vli_testBit                         0x07f1c7a3   Thumb Code     0  da14585_symbols.txt ABSOLUTE
    uECC_vli_numBits                         0x07f1c7b5   Thumb Code     0  da14585_symbols.txt ABSOLUTE
    uECC_vli_set                             0x07f1c7ef   Thumb Code     0  da14585_symbols.txt ABSOLUTE
    uECC_vli_equal                           0x07f1c82d   Thumb Code     0  da14585_symbols.txt ABSOLUTE
    uECC_vli_cmp                             0x07f1c851   Thumb Code     0  da14585_symbols.txt ABSOLUTE
    uECC_vli_rshift1                         0x07f1c887   Thumb Code     0  da14585_symbols.txt ABSOLUTE
    uECC_vli_square                          0x07f1c8a5   Thumb Code     0  da14585_symbols.txt ABSOLUTE
    uECC_vli_modAdd                          0x07f1c8b1   Thumb Code     0  da14585_symbols.txt ABSOLUTE
    uECC_vli_modSub                          0x07f1c8df   Thumb Code     0  da14585_symbols.txt ABSOLUTE
    uECC_vli_mmod                            0x07f1c8ff   Thumb Code     0  da14585_symbols.txt ABSOLUTE
    uECC_vli_modMult                         0x07f1ca09   Thumb Code     0  da14585_symbols.txt ABSOLUTE
    uECC_vli_modMult_fast                    0x07f1ca2b   Thumb Code     0  da14585_symbols.txt ABSOLUTE
    uECC_vli_modSquare                       0x07f1ca4b   Thumb Code     0  da14585_symbols.txt ABSOLUTE
    uECC_vli_modSquare_fast                  0x07f1ca59   Thumb Code     0  da14585_symbols.txt ABSOLUTE
    uECC_vli_modInv                          0x07f1ca99   Thumb Code     0  da14585_symbols.txt ABSOLUTE
    uECC_secp256r1                           0x07f1cdd5   Thumb Code     0  da14585_symbols.txt ABSOLUTE
    uECC_vli_nativeToBytes                   0x07f1d3d3   Thumb Code     0  da14585_symbols.txt ABSOLUTE
    uECC_vli_bytesToNative                   0x07f1d3f5   Thumb Code     0  da14585_symbols.txt ABSOLUTE
    uECC_generate_random_int                 0x07f1d433   Thumb Code     0  da14585_symbols.txt ABSOLUTE
    uECC_make_key                            0x07f1d495   Thumb Code     0  da14585_symbols.txt ABSOLUTE
    uECC_shared_secret                       0x07f1d513   Thumb Code     0  da14585_symbols.txt ABSOLUTE
    uECC_compress                            0x07f1d5cf   Thumb Code     0  da14585_symbols.txt ABSOLUTE
    uECC_decompress                          0x07f1d5fd   Thumb Code     0  da14585_symbols.txt ABSOLUTE
    uECC_valid_point                         0x07f1d66d   Thumb Code     0  da14585_symbols.txt ABSOLUTE
    uECC_valid_public_key                    0x07f1d6cf   Thumb Code     0  da14585_symbols.txt ABSOLUTE
    uECC_compute_public_key                  0x07f1d703   Thumb Code     0  da14585_symbols.txt ABSOLUTE
    uECC_sign                                0x07f1d989   Thumb Code     0  da14585_symbols.txt ABSOLUTE
    uECC_sign_deterministic                  0x07f1da6f   Thumb Code     0  da14585_symbols.txt ABSOLUTE
    uECC_verify                              0x07f1dbdd   Thumb Code     0  da14585_symbols.txt ABSOLUTE
    uECC_curve_num_words                     0x07f1de89   Thumb Code     0  da14585_symbols.txt ABSOLUTE
    uECC_curve_num_bytes                     0x07f1de91   Thumb Code     0  da14585_symbols.txt ABSOLUTE
    uECC_curve_num_bits                      0x07f1de99   Thumb Code     0  da14585_symbols.txt ABSOLUTE
    uECC_curve_num_n_words                   0x07f1dea1   Thumb Code     0  da14585_symbols.txt ABSOLUTE
    uECC_curve_num_n_bytes                   0x07f1deb1   Thumb Code     0  da14585_symbols.txt ABSOLUTE
    uECC_curve_num_n_bits                    0x07f1dec1   Thumb Code     0  da14585_symbols.txt ABSOLUTE
    uECC_curve_p                             0x07f1dec9   Thumb Code     0  da14585_symbols.txt ABSOLUTE
    uECC_curve_n                             0x07f1decd   Thumb Code     0  da14585_symbols.txt ABSOLUTE
    uECC_curve_G                             0x07f1ded1   Thumb Code     0  da14585_symbols.txt ABSOLUTE
    uECC_curve_b                             0x07f1ded5   Thumb Code     0  da14585_symbols.txt ABSOLUTE
    uECC_vli_mod_sqrt                        0x07f1ded9   Thumb Code     0  da14585_symbols.txt ABSOLUTE
    uECC_vli_mmod_fast                       0x07f1dedf   Thumb Code     0  da14585_symbols.txt ABSOLUTE
    uECC_point_mult                          0x07f1dee5   Thumb Code     0  da14585_symbols.txt ABSOLUTE
    __aeabi_uidiv                            0x07f1dfb9   Thumb Code     0  da14585_symbols.txt ABSOLUTE
    __aeabi_uidivmod                         0x07f1dfb9   Thumb Code     0  da14585_symbols.txt ABSOLUTE
    __aeabi_idiv                             0x07f1dfe5   Thumb Code     0  da14585_symbols.txt ABSOLUTE
    __aeabi_idivmod                          0x07f1dfe5   Thumb Code     0  da14585_symbols.txt ABSOLUTE
    __aeabi_lmul                             0x07f1e00d   Thumb Code     0  da14585_symbols.txt ABSOLUTE
    _ll_mul                                  0x07f1e00d   Thumb Code     0  da14585_symbols.txt ABSOLUTE
    rand                                     0x07f1e089   Thumb Code     0  da14585_symbols.txt ABSOLUTE
    srand                                    0x07f1e09b   Thumb Code     0  da14585_symbols.txt ABSOLUTE
    __aeabi_memcpy                           0x07f1e0ad   Thumb Code     0  da14585_symbols.txt ABSOLUTE
    __aeabi_memcpy4                          0x07f1e0ad   Thumb Code     0  da14585_symbols.txt ABSOLUTE
    __aeabi_memcpy8                          0x07f1e0ad   Thumb Code     0  da14585_symbols.txt ABSOLUTE
    __aeabi_memset                           0x07f1e0d1   Thumb Code     0  da14585_symbols.txt ABSOLUTE
    __aeabi_memset4                          0x07f1e0d1   Thumb Code     0  da14585_symbols.txt ABSOLUTE
    __aeabi_memset8                          0x07f1e0d1   Thumb Code     0  da14585_symbols.txt ABSOLUTE
    __aeabi_memclr                           0x07f1e0df   Thumb Code     0  da14585_symbols.txt ABSOLUTE
    __aeabi_memclr4                          0x07f1e0df   Thumb Code     0  da14585_symbols.txt ABSOLUTE
    __aeabi_memclr8                          0x07f1e0df   Thumb Code     0  da14585_symbols.txt ABSOLUTE
    _memset$wrapper                          0x07f1e0e3   Thumb Code     0  da14585_symbols.txt ABSOLUTE
    memcmp                                   0x07f1e0f5   Thumb Code     0  da14585_symbols.txt ABSOLUTE
    __aeabi_uread4                           0x07f1e10f   Thumb Code     0  da14585_symbols.txt ABSOLUTE
    __rt_uread4                              0x07f1e10f   Thumb Code     0  da14585_symbols.txt ABSOLUTE
    _uread4                                  0x07f1e10f   Thumb Code     0  da14585_symbols.txt ABSOLUTE
    __aeabi_uwrite4                          0x07f1e123   Thumb Code     0  da14585_symbols.txt ABSOLUTE
    __rt_uwrite4                             0x07f1e123   Thumb Code     0  da14585_symbols.txt ABSOLUTE
    _uwrite4                                 0x07f1e123   Thumb Code     0  da14585_symbols.txt ABSOLUTE
    __aeabi_llsl                             0x07f1e135   Thumb Code     0  da14585_symbols.txt ABSOLUTE
    _ll_shift_l                              0x07f1e135   Thumb Code     0  da14585_symbols.txt ABSOLUTE
    __ARM_common_switch8                     0x07f1e155   Thumb Code     0  da14585_symbols.txt ABSOLUTE
    uart_api                                 0x07f1e170   Data           0  da14585_symbols.txt ABSOLUTE
    co_sca2ppm                               0x07f1e180   Data           0  da14585_symbols.txt ABSOLUTE
    co_null_bdaddr                           0x07f1e190   Data           0  da14585_symbols.txt ABSOLUTE
    co_default_bdaddr                        0x07f1e196   Data           0  da14585_symbols.txt ABSOLUTE
    llc_state_handler                        0x07f1e41c   Data           0  da14585_symbols.txt ABSOLUTE
    llc_default_handler                      0x07f1e4ec   Data           0  da14585_symbols.txt ABSOLUTE
    llm_dflt_bdaddr                          0x07f1e504   Data           0  da14585_symbols.txt ABSOLUTE
    llm_local_cmds                           0x07f1e51c   Data           0  da14585_symbols.txt ABSOLUTE
    llm_local_le_feats                       0x07f1e55c   Data           0  da14585_symbols.txt ABSOLUTE
    llm_local_le_states                      0x07f1e564   Data           0  da14585_symbols.txt ABSOLUTE
    llm_state_handler                        0x07f1e74c   Data           0  da14585_symbols.txt ABSOLUTE
    llm_default_handler                      0x07f1e77c   Data           0  da14585_symbols.txt ABSOLUTE
    LLM_AA_CT1                               0x07f1e784   Data           0  da14585_symbols.txt ABSOLUTE
    LLM_AA_CT2                               0x07f1e787   Data           0  da14585_symbols.txt ABSOLUTE
    ecc_p256_G                               0x07f1e789   Data           0  da14585_symbols.txt ABSOLUTE
    gtl_default_state                        0x07f1e7dc   Data           0  da14585_symbols.txt ABSOLUTE
    gtl_default_handler                      0x07f1e7e4   Data           0  da14585_symbols.txt ABSOLUTE
    hci_cmd_desc_tab_lk_ctrl                 0x07f1e7f0   Data           0  da14585_symbols.txt ABSOLUTE
    hci_cmd_desc_tab_ctrl_bb                 0x07f1e814   Data           0  da14585_symbols.txt ABSOLUTE
    hci_cmd_desc_tab_info_par                0x07f1e88c   Data           0  da14585_symbols.txt ABSOLUTE
    hci_cmd_desc_tab_stat_par                0x07f1e8c8   Data           0  da14585_symbols.txt ABSOLUTE
    hci_cmd_desc_tab_le                      0x07f1e8d4   Data           0  da14585_symbols.txt ABSOLUTE
    hci_cmd_desc_tab_vs                      0x07f1eb14   Data           0  da14585_symbols.txt ABSOLUTE
    rom_hci_cmd_desc_root_tab                0x07f1ec58   Data           0  da14585_symbols.txt ABSOLUTE
    hci_evt_desc_tab                         0x07f1ec88   Data           0  da14585_symbols.txt ABSOLUTE
    hci_evt_le_desc_tab                      0x07f1ecd0   Data           0  da14585_symbols.txt ABSOLUTE
    attc_handlers                            0x07f1ed40   Data           0  da14585_symbols.txt ABSOLUTE
    atts_handlers                            0x07f1edb0   Data           0  da14585_symbols.txt ABSOLUTE
    gattc_default_state                      0x07f1ee30   Data           0  da14585_symbols.txt ABSOLUTE
    gattc_default_handler                    0x07f1ef10   Data           0  da14585_symbols.txt ABSOLUTE
    gattm_default_state                      0x07f1ef5c   Data           0  da14585_symbols.txt ABSOLUTE
    gattm_default_handler                    0x07f1efb4   Data           0  da14585_symbols.txt ABSOLUTE
    l2cc_default_state                       0x07f1efcc   Data           0  da14585_symbols.txt ABSOLUTE
    l2cc_default_handler                     0x07f1efe4   Data           0  da14585_symbols.txt ABSOLUTE
    const_Rb                                 0x07f1f005   Data           0  da14585_symbols.txt ABSOLUTE
    const_Zero                               0x07f1f015   Data           0  da14585_symbols.txt ABSOLUTE
    gapc_default_state                       0x07f1f038   Data           0  da14585_symbols.txt ABSOLUTE
    gapc_default_handler                     0x07f1f188   Data           0  da14585_symbols.txt ABSOLUTE
    gapm_default_state                       0x07f1f224   Data           0  da14585_symbols.txt ABSOLUTE
    gapm_default_handler                     0x07f1f30c   Data           0  da14585_symbols.txt ABSOLUTE
    l2cc_connor_pkt_format                   0x07f1f314   Data           0  da14585_symbols.txt ABSOLUTE
    l2cc_signaling_pkt_format                0x07f1f31c   Data           0  da14585_symbols.txt ABSOLUTE
    l2cc_security_pkt_format                 0x07f1f378   Data           0  da14585_symbols.txt ABSOLUTE
    l2cc_attribute_pkt_format                0x07f1f3b4   Data           0  da14585_symbols.txt ABSOLUTE
    smpc_construct_pdu                       0x07f1f430   Data           0  da14585_symbols.txt ABSOLUTE
    __Vectors                                0x07fc0000   Data           4  startup_da14585_586.o(RESET)
    __Vectors_End                            0x07fc00a0   Data           0  startup_da14585_586.o(RESET)
    Image$$ER_IROM3$$Base                    0x07fc0510   Number         0  anon$$obj.o ABSOLUTE
    __main                                   0x07fc0511   Thumb Code     0  entry.o(.ARM.Collect$$$$00000000)
    _main_stk                                0x07fc0511   Thumb Code     0  entry2.o(.ARM.Collect$$$$00000001)
    _main_scatterload                        0x07fc0515   Thumb Code     0  entry5.o(.ARM.Collect$$$$00000004)
    __main_after_scatterload                 0x07fc0519   Thumb Code     0  entry5.o(.ARM.Collect$$$$00000004)
    _main_clock                              0x07fc0519   Thumb Code     0  entry7b.o(.ARM.Collect$$$$00000008)
    _main_cpp_init                           0x07fc0519   Thumb Code     0  entry8b.o(.ARM.Collect$$$$0000000A)
    _main_init                               0x07fc0519   Thumb Code     0  entry9a.o(.ARM.Collect$$$$0000000B)
    __rt_final_cpp                           0x07fc0521   Thumb Code     0  entry10a.o(.ARM.Collect$$$$0000000D)
    __rt_final_exit                          0x07fc0521   Thumb Code     0  entry11a.o(.ARM.Collect$$$$0000000F)
    Reset_Handler                            0x07fc0525   Thumb Code     8  startup_da14585_586.o(.text)
    SVC_Handler                              0x07fc055d   Thumb Code     2  startup_da14585_586.o(.text)
    PendSV_Handler                           0x07fc055f   Thumb Code     2  startup_da14585_586.o(.text)
    BLE_RF_DIAG_Handler                      0x07fc0563   Thumb Code     0  startup_da14585_586.o(.text)
    DMA_Handler                              0x07fc0563   Thumb Code     0  startup_da14585_586.o(.text)
    KEYBRD_Handler                           0x07fc0563   Thumb Code     0  startup_da14585_586.o(.text)
    PCM_Handler                              0x07fc0563   Thumb Code     0  startup_da14585_586.o(.text)
    RESERVED21_Handler                       0x07fc0563   Thumb Code     0  startup_da14585_586.o(.text)
    RESERVED22_Handler                       0x07fc0563   Thumb Code     0  startup_da14585_586.o(.text)
    RESERVED23_Handler                       0x07fc0563   Thumb Code     0  startup_da14585_586.o(.text)
    RFCAL_Handler                            0x07fc0563   Thumb Code     0  startup_da14585_586.o(.text)
    SPI_Handler                              0x07fc0563   Thumb Code     0  startup_da14585_586.o(.text)
    SRCIN_Handler                            0x07fc0563   Thumb Code     0  startup_da14585_586.o(.text)
    SRCOUT_Handler                           0x07fc0563   Thumb Code     0  startup_da14585_586.o(.text)
    SWTIM_Handler                            0x07fc0563   Thumb Code     0  startup_da14585_586.o(.text)
    PATCHED_atts_mtu_exc_req                 0x07fc0575   Thumb Code    52  patch.o(.text)
    PATCHED_smpc_is_sec_mode_reached         0x07fc05a9   Thumb Code    66  patch.o(.text)
    PATCHED_smpc_check_key_distrib           0x07fc05eb   Thumb Code    74  patch.o(.text)
    PATCHED_llcp_length_req_handler          0x07fc0635   Thumb Code   120  patch.o(.text)
    PATCHED_llcp_length_rsp_handler          0x07fc06ad   Thumb Code   136  patch.o(.text)
    JT_llc_le_length_effective_func          0x07fc0735   Thumb Code   182  patch.o(.text)
    PATCHED_smpc_construct_id_addr_info_pdu  0x07fc07eb   Thumb Code    48  patch.o(.text)
    PATCHED_llc_util_gen_skdx                0x07fc081b   Thumb Code    20  patch.o(.text)
    PATCHED_llm_adv_report_set               0x07fc082f   Thumb Code   142  patch.o(.text)
    PATCHED_lld_evt_move_to_master           0x07fc08bd   Thumb Code   360  patch.o(.text)
    PATCHED_gapm_adv_sanity                  0x07fc0a25   Thumb Code   244  patch.o(.text)
    PATCHED_gapm_get_ad_type_flag            0x07fc0b19   Thumb Code    38  patch.o(.text)
    PK_PointMult_func                        0x07fc0b3f   Thumb Code   246  patch.o(.text)
    llm_create_p256_key_func                 0x07fc0c35   Thumb Code    70  patch.o(.text)
    llm_p256_req_handler_func                0x07fc0c7b   Thumb Code   290  patch.o(.text)
    PATCHED_hci_command_handler              0x07fc0deb   Thumb Code   110  patch.o(.text)
    JT_l2cc_pdu_unpack_func                  0x07fc11d9   Thumb Code   812  patch.o(.text)
    JT_l2cc_pdu_recv_ind_handler_func        0x07fc1505   Thumb Code    70  patch.o(.text)
    PATCHED_llc_ch_map_req_ind               0x07fc154b   Thumb Code   110  patch.o(.text)
    PATCHED_smpc_recv_public_key_exchange_pdu 0x07fc16eb   Thumb Code   106  patch.o(.text)
    PATCHED_llm_con_req_ind                  0x07fc17e7   Thumb Code   624  patch.o(.text)
    patch_func                               0x07fc1a57   Thumb Code    48  patch.o(.text)
    patch_global_vars_init                   0x07fc1a87   Thumb Code     2  patch.o(.text)
    rf_calibration_585                       0x07fc1ab9   Thumb Code    84  rf_calibration.o(.text)
    enable_rf_diag_irq                       0x07fc1b0d   Thumb Code   112  rf_calibration.o(.text)
    set_gauss_modgain                        0x07fc1b7d   Thumb Code    54  rf_calibration.o(.text)
    PATCHED_smpc_dhkey_calc_start            0x07fc1bcd   Thumb Code   136  smpc_util.o(.text)
    JT_llm_p256_start_func                   0x07fc1c55   Thumb Code    82  smpc_util.o(.text)
    __aeabi_uldivmod                         0x07fc1cb5   Thumb Code    96  uldiv.o(.text)
    __I$use$fp                               0x07fc1d15   Thumb Code     0  iusefp.o(.text)
    __aeabi_dadd                             0x07fc1d15   Thumb Code   328  dadd.o(.text)
    __aeabi_dsub                             0x07fc1e5d   Thumb Code    12  dadd.o(.text)
    __aeabi_drsub                            0x07fc1e69   Thumb Code    12  dadd.o(.text)
    __aeabi_dmul                             0x07fc1e79   Thumb Code   202  dmul.o(.text)
    __aeabi_ddiv                             0x07fc1f49   Thumb Code   234  ddiv.o(.text)
    __scatterload                            0x07fc2039   Thumb Code    38  init.o(.text)
    __scatterload_rt2                        0x07fc2039   Thumb Code     0  init.o(.text)
    __aeabi_llsr                             0x07fc2069   Thumb Code    34  llushr.o(.text)
    _ll_ushift_r                             0x07fc2069   Thumb Code     0  llushr.o(.text)
    __aeabi_lasr                             0x07fc208b   Thumb Code    38  llsshr.o(.text)
    _ll_sshift_r                             0x07fc208b   Thumb Code     0  llsshr.o(.text)
    _double_round                            0x07fc20b1   Thumb Code    26  depilogue.o(.text)
    _double_epilogue                         0x07fc20cb   Thumb Code   164  depilogue.o(.text)
    __ARM_scalbn                             0x07fc216f   Thumb Code    44  dscalb.o(.text)
    scalbn                                   0x07fc216f   Thumb Code     0  dscalb.o(.text)
    __aeabi_i2d                              0x07fc219d   Thumb Code    34  dflti.o(.text)
    __aeabi_ui2d                             0x07fc21c5   Thumb Code    24  dfltui.o(.text)
    __aeabi_d2iz                             0x07fc21e1   Thumb Code    62  dfixi.o(.text)
    ADC_Handler                              0x07fc2229   Thumb Code     8  lto-llvm-116631.o(.text.ADC_Handler)
    BLE_WAKEUP_LP_Handler                    0x07fc2235   Thumb Code   360  lto-llvm-116631.o(.text.BLE_WAKEUP_LP_Handler)
    GPIO0_Handler                            0x07fc26a9   Thumb Code    10  lto-llvm-116631.o(.text.GPIO0_Handler)
    GPIO1_Handler                            0x07fc26b3   Thumb Code    10  lto-llvm-116631.o(.text.GPIO1_Handler)
    GPIO2_Handler                            0x07fc26bd   Thumb Code    10  lto-llvm-116631.o(.text.GPIO2_Handler)
    GPIO3_Handler                            0x07fc26c7   Thumb Code    10  lto-llvm-116631.o(.text.GPIO3_Handler)
    GPIO4_Handler                            0x07fc26d1   Thumb Code    10  lto-llvm-116631.o(.text.GPIO4_Handler)
    HardFault_HandlerC                       0x07fc2761   Thumb Code    16  lto-llvm-116631.o(.text.HardFault_HandlerC)
    I2C_Handler                              0x07fc2779   Thumb Code    12  lto-llvm-116631.o(.text.I2C_Handler)
    NMI_HandlerC                             0x07fc2789   Thumb Code    48  lto-llvm-116631.o(.text.NMI_HandlerC)
    SysTick_Handler                          0x07fc2c03   Thumb Code     2  lto-llvm-116631.o(.text.SysTick_Handler)
    UART2_Handler                            0x07fc2c05   Thumb Code   136  lto-llvm-116631.o(.text.UART2_Handler)
    WKUP_QUADEC_Handler                      0x07fc2c95   Thumb Code    88  lto-llvm-116631.o(.text.WKUP_QUADEC_Handler)
    main                                     0x07fc6d0d   Thumb Code  2532  lto-llvm-116631.o(.text.main)
    rwble_isr                                0x07fc7d3d   Thumb Code   228  lto-llvm-116631.o(.text.rwble_isr)
    __0sprintf$8                             0x07fc9265   Thumb Code    36  printf8.o(i.__0sprintf$8)
    __1sprintf$8                             0x07fc9265   Thumb Code     0  printf8.o(i.__0sprintf$8)
    __2sprintf                               0x07fc9265   Thumb Code     0  printf8.o(i.__0sprintf$8)
    __ARM_clz                                0x07fc928d   Thumb Code    46  depilogue.o(i.__ARM_clz)
    __ARM_common_ll_muluu                    0x07fc92bb   Thumb Code    50  rred.o(i.__ARM_common_ll_muluu)
    __ARM_fpclassify                         0x07fc92ed   Thumb Code    40  fpclassify.o(i.__ARM_fpclassify)
    __ieee754_rem_pio2                       0x07fc9319   Thumb Code   838  rred.o(i.__ieee754_rem_pio2)
    __kernel_cos                             0x07fc96b5   Thumb Code   224  cos_i.o(i.__kernel_cos)
    __kernel_poly                            0x07fc97a9   Thumb Code   172  poly.o(i.__kernel_poly)
    __kernel_sin                             0x07fc9855   Thumb Code   222  sin_i.o(i.__kernel_sin)
    __mathlib_dbl_infnan                     0x07fc9941   Thumb Code    10  dunder.o(i.__mathlib_dbl_infnan)
    __mathlib_dbl_invalid                    0x07fc994b   Thumb Code    16  dunder.o(i.__mathlib_dbl_invalid)
    __mathlib_dbl_underflow                  0x07fc995d   Thumb Code    14  dunder.o(i.__mathlib_dbl_underflow)
    __scatterload_copy                       0x07fc9971   Thumb Code    14  handlers.o(i.__scatterload_copy)
    __scatterload_null                       0x07fc997f   Thumb Code     2  handlers.o(i.__scatterload_null)
    __scatterload_zeroinit                   0x07fc9981   Thumb Code    14  handlers.o(i.__scatterload_zeroinit)
    __set_errno                              0x07fc9991   Thumb Code     6  errno.o(i.__set_errno)
    cos                                      0x07fc9e1d   Thumb Code   142  cos.o(i.cos)
    sin                                      0x07fc9eb5   Thumb Code   146  sin.o(i.sin)
    SystemInit                               0x07fc9f51   Thumb Code    56  lto-llvm-116631.o(system_DA14xxx)
    Region$$Table$$Base                      0x07fcd744   Number         0  anon$$obj.o(Region$$Table)
    Region$$Table$$Limit                     0x07fcd774   Number         0  anon$$obj.o(Region$$Table)
    __initial_sp                             0x07fcdf30   Data           0  startup_da14585_586.o(STACK)
    ble_wakeup_executed                      0x07fd7600   Data           0  da14585_symbols.txt ABSOLUTE
    rf_in_sleep                              0x07fd7601   Data           0  da14585_symbols.txt ABSOLUTE
    custom_preinit                           0x07fd7604   Data           0  da14585_symbols.txt ABSOLUTE
    custom_postinit                          0x07fd7608   Data           0  da14585_symbols.txt ABSOLUTE
    custom_appinit                           0x07fd760c   Data           0  da14585_symbols.txt ABSOLUTE
    custom_preloop                           0x07fd7610   Data           0  da14585_symbols.txt ABSOLUTE
    custom_preschedule                       0x07fd7614   Data           0  da14585_symbols.txt ABSOLUTE
    custom_postschedule                      0x07fd7618   Data           0  da14585_symbols.txt ABSOLUTE
    custom_postschedule_async                0x07fd761c   Data           0  da14585_symbols.txt ABSOLUTE
    custom_presleepcheck                     0x07fd7620   Data           0  da14585_symbols.txt ABSOLUTE
    custom_appsleepset                       0x07fd7624   Data           0  da14585_symbols.txt ABSOLUTE
    custom_postsleepcheck                    0x07fd7628   Data           0  da14585_symbols.txt ABSOLUTE
    custom_presleepenter                     0x07fd762c   Data           0  da14585_symbols.txt ABSOLUTE
    custom_postsleepexit                     0x07fd7630   Data           0  da14585_symbols.txt ABSOLUTE
    custom_prewakeup                         0x07fd7634   Data           0  da14585_symbols.txt ABSOLUTE
    custom_postwakeup                        0x07fd7638   Data           0  da14585_symbols.txt ABSOLUTE
    custom_preidlecheck                      0x07fd763c   Data           0  da14585_symbols.txt ABSOLUTE
    custom_pti_set                           0x07fd7640   Data           0  da14585_symbols.txt ABSOLUTE
    REG_BLE_EM_TX_BUFFER_SIZE                0x07fd7644   Data           0  da14585_symbols.txt ABSOLUTE
    REG_BLE_EM_RX_BUFFER_SIZE                0x07fd7648   Data           0  da14585_symbols.txt ABSOLUTE
    _ble_base                                0x07fd764c   Data           0  da14585_symbols.txt ABSOLUTE
    gap_cfg_user                             0x07fd7650   Data           0  da14585_symbols.txt ABSOLUTE
    rom_func_addr_table                      0x07fd7654   Data           0  da14585_symbols.txt ABSOLUTE
    rom_cfg_table                            0x07fd7658   Data           0  da14585_symbols.txt ABSOLUTE
    BLE_TX_DESC_DATA_USER                    0x07fd765c   Data           0  da14585_symbols.txt ABSOLUTE
    BLE_TX_DESC_CNTL_USER                    0x07fd7660   Data           0  da14585_symbols.txt ABSOLUTE
    LLM_LE_ADV_DUMMY_IDX                     0x07fd7664   Data           0  da14585_symbols.txt ABSOLUTE
    LLM_LE_SCAN_CON_REQ_ADV_DIR_IDX          0x07fd7668   Data           0  da14585_symbols.txt ABSOLUTE
    LLM_LE_SCAN_RSP_IDX                      0x07fd766c   Data           0  da14585_symbols.txt ABSOLUTE
    LLM_LE_ADV_IDX                           0x07fd7670   Data           0  da14585_symbols.txt ABSOLUTE
    length_exchange_needed                   0x07fd7674   Data           0  da14585_symbols.txt ABSOLUTE
    enh_con_cmp_cnt                          0x07fd7678   Data           0  da14585_symbols.txt ABSOLUTE
    rx_pkt_cnt                               0x07fd7680   Data           0  da14585_symbols.txt ABSOLUTE
    rx_pkt_cnt_bad                           0x07fd7684   Data           0  da14585_symbols.txt ABSOLUTE
    rx_pkt_cnt_bad_adv                       0x07fd7688   Data           0  da14585_symbols.txt ABSOLUTE
    rx_pkt_cnt_bad_scn                       0x07fd768c   Data           0  da14585_symbols.txt ABSOLUTE
    rx_pkt_cnt_bad_oth                       0x07fd7690   Data           0  da14585_symbols.txt ABSOLUTE
    rx_pkt_cnt_bad_wo_sync_err               0x07fd7694   Data           0  da14585_symbols.txt ABSOLUTE
    rx_pkt_cnt_bad_con                       0x07fd7698   Data           0  da14585_symbols.txt ABSOLUTE
    connect_req_cnt                          0x07fd769c   Data           0  da14585_symbols.txt ABSOLUTE
    last_status                              0x07fd76a0   Data           0  da14585_symbols.txt ABSOLUTE
    llc_state                                0x07fd76a4   Data           0  da14585_symbols.txt ABSOLUTE
    lld_sleep_env                            0x07fd76ac   Data           0  da14585_symbols.txt ABSOLUTE
    lld_wlcoex_enable                        0x07fd76b0   Data           0  da14585_symbols.txt ABSOLUTE
    ble_duplicate_filter_max                 0x07fd76b4   Data           0  da14585_symbols.txt ABSOLUTE
    ble_duplicate_filter_found               0x07fd76b5   Data           0  da14585_symbols.txt ABSOLUTE
    alter_conn_adv_all_cnt                   0x07fd76b8   Data           0  da14585_symbols.txt ABSOLUTE
    alter_conn_adv_dir_cnt                   0x07fd76bc   Data           0  da14585_symbols.txt ABSOLUTE
    alter_conn_adv_cnt                       0x07fd76c0   Data           0  da14585_symbols.txt ABSOLUTE
    create_conn_cnt                          0x07fd76c4   Data           0  da14585_symbols.txt ABSOLUTE
    alter_conn_cnt                           0x07fd76c8   Data           0  da14585_symbols.txt ABSOLUTE
    alter_conn_restart_cnt                   0x07fd76cc   Data           0  da14585_symbols.txt ABSOLUTE
    alter_conn_peer_addr                     0x07fd76d0   Data           0  da14585_symbols.txt ABSOLUTE
    alter_conn_local_addr                    0x07fd76d6   Data           0  da14585_symbols.txt ABSOLUTE
    set_adv_data_discard_old                 0x07fd76dc   Data           0  da14585_symbols.txt ABSOLUTE
    llm_resolving_list_max                   0x07fd76dd   Data           0  da14585_symbols.txt ABSOLUTE
    llm_bt_env                               0x07fd76de   Data           0  da14585_symbols.txt ABSOLUTE
    init_tx_cnt_cntl_cnt1                    0x07fd76e8   Data           0  da14585_symbols.txt ABSOLUTE
    init_tx_cnt_cntl_cnt                     0x07fd76ec   Data           0  da14585_symbols.txt ABSOLUTE
    tx_cnt_cntl_cnt                          0x07fd76f0   Data           0  da14585_symbols.txt ABSOLUTE
    llm_state                                0x07fd76f4   Data           0  da14585_symbols.txt ABSOLUTE
    gtl_state                                0x07fd76f8   Data           0  da14585_symbols.txt ABSOLUTE
    use_h4tl                                 0x07fd76f9   Data           0  da14585_symbols.txt ABSOLUTE
    hci_cmd_desc_root_tab                    0x07fd76fc   Data           0  da14585_symbols.txt ABSOLUTE
    gattc_state                              0x07fd772c   Data           0  da14585_symbols.txt ABSOLUTE
    gattm_state                              0x07fd7734   Data           0  da14585_symbols.txt ABSOLUTE
    l2cc_state                               0x07fd7735   Data           0  da14585_symbols.txt ABSOLUTE
    l2cm_env                                 0x07fd773e   Data           0  da14585_symbols.txt ABSOLUTE
    gapc_state                               0x07fd7744   Data           0  da14585_symbols.txt ABSOLUTE
    gapm_state                               0x07fd774c   Data           0  da14585_symbols.txt ABSOLUTE
    ecdh_key_creation_in_progress            0x07fd7750   Data           0  da14585_symbols.txt ABSOLUTE
    ke_free_bad                              0x07fd7754   Data           0  da14585_symbols.txt ABSOLUTE
    rwip_env                                 0x07fd7758   Data           0  da14585_symbols.txt ABSOLUTE
    ble_reg_save                             0x07fd7764   Data           0  da14585_symbols.txt ABSOLUTE
    sleep_env                                0x07fd77b4   Data           0  da14585_symbols.txt ABSOLUTE
    uart_env                                 0x07fd77b8   Data           0  da14585_symbols.txt ABSOLUTE
    ke_mem_heaps_used                        0x07fd77dc   Data           0  da14585_symbols.txt ABSOLUTE
    co_buf_env                               0x07fd77e0   Data           0  da14585_symbols.txt ABSOLUTE
    llc_env                                  0x07fd7918   Data           0  da14585_symbols.txt ABSOLUTE
    lld_evt_env                              0x07fd7938   Data           0  da14585_symbols.txt ABSOLUTE
    llm_le_env                               0x07fd7964   Data           0  da14585_symbols.txt ABSOLUTE
    llm_resolving_list                       0x07fd7a60   Data           0  da14585_symbols.txt ABSOLUTE
    ea_env                                   0x07fd7cb8   Data           0  da14585_symbols.txt ABSOLUTE
    gtl_env                                  0x07fd7cf8   Data           0  da14585_symbols.txt ABSOLUTE
    hci_env                                  0x07fd7d40   Data           0  da14585_symbols.txt ABSOLUTE
    h4tl_env                                 0x07fd7d50   Data           0  da14585_symbols.txt ABSOLUTE
    gattc_env                                0x07fd7d68   Data           0  da14585_symbols.txt ABSOLUTE
    gattm_env                                0x07fd7d88   Data           0  da14585_symbols.txt ABSOLUTE
    l2cc_env                                 0x07fd7dac   Data           0  da14585_symbols.txt ABSOLUTE
    ecdh_key                                 0x07fd7dcc   Data           0  da14585_symbols.txt ABSOLUTE
    gapc_env                                 0x07fd7e2c   Data           0  da14585_symbols.txt ABSOLUTE
    gapm_env                                 0x07fd7e4c   Data           0  da14585_symbols.txt ABSOLUTE
    ke_env                                   0x07fd7e78   Data           0  da14585_symbols.txt ABSOLUTE
    rwip_rf                                  0x07fd7fb4   Data           0  da14585_symbols.txt ABSOLUTE



==============================================================================

Memory Map of the image

  Image Entry point : 0x07fc0511

  Load Region LR_IROM1 (Base: 0x07fc0000, Size: 0x000000a0, Max: 0x000000c0, ABSOLUTE)

    Execution Region ER_IROM1 (Exec base: 0x07fc0000, Load base: 0x07fc0000, Size: 0x000000a0, Max: 0x000000c0, ABSOLUTE)

    Exec Addr    Load Addr    Size         Type   Attr      Idx    E Section Name        Object

    0x07fc0000   0x07fc0000   0x000000a0   Data   RO            5    RESET               startup_da14585_586.o



  Load Region LR_IROM2 (Base: 0x07fc00c0, Size: 0x00000000, Max: 0x00000050, ABSOLUTE)

    Execution Region ER_IROM2 (Exec base: 0x07fc00c0, Load base: 0x07fc00c0, Size: 0x00000050, Max: 0x00000050, ABSOLUTE)

    Exec Addr    Load Addr    Size         Type   Attr      Idx    E Section Name        Object

    0x07fc00c0        -       0x00000050   Zero   RW            1    ER_IROM2.bss        anon$$obj.o



  Load Region LR_TRNG_ZI (Base: 0x07fc0110, Size: 0x00000000, Max: 0x00000400, ABSOLUTE)

    Execution Region ER_TRNG_ZI (Exec base: 0x07fc0110, Load base: 0x07fc0110, Size: 0x00000400, Max: 0x00000400, ABSOLUTE)

    Exec Addr    Load Addr    Size         Type   Attr      Idx    E Section Name        Object

    0x07fc0110        -       0x00000400   Zero   RW          942    .bss.trng_buffer_area_zi  lto-llvm-116631.o



  Load Region LR_IROM3 (Base: 0x07fc0510, Size: 0x0000d26c, Max: 0x00011430, ABSOLUTE)

    Execution Region ER_IROM3 (Exec base: 0x07fc0510, Load base: 0x07fc0510, Size: 0x0000d26c, Max: 0x00011430, ABSOLUTE)

    Exec Addr    Load Addr    Size         Type   Attr      Idx    E Section Name        Object

    0x07fc0510   0x07fc0510   0x00000000   Code   RO          120  * .ARM.Collect$$$$00000000  mc_p.l(entry.o)
    0x07fc0510   0x07fc0510   0x00000004   Code   RO          409    .ARM.Collect$$$$00000001  mc_p.l(entry2.o)
    0x07fc0514   0x07fc0514   0x00000004   Code   RO          412    .ARM.Collect$$$$00000004  mc_p.l(entry5.o)
    0x07fc0518   0x07fc0518   0x00000000   Code   RO          414    .ARM.Collect$$$$00000008  mc_p.l(entry7b.o)
    0x07fc0518   0x07fc0518   0x00000000   Code   RO          416    .ARM.Collect$$$$0000000A  mc_p.l(entry8b.o)
    0x07fc0518   0x07fc0518   0x00000008   Code   RO          417    .ARM.Collect$$$$0000000B  mc_p.l(entry9a.o)
    0x07fc0520   0x07fc0520   0x00000000   Code   RO          419    .ARM.Collect$$$$0000000D  mc_p.l(entry10a.o)
    0x07fc0520   0x07fc0520   0x00000000   Code   RO          421    .ARM.Collect$$$$0000000F  mc_p.l(entry11a.o)
    0x07fc0520   0x07fc0520   0x00000004   Code   RO          410    .ARM.Collect$$$$00002712  mc_p.l(entry2.o)
    0x07fc0524   0x07fc0524   0x00000050   Code   RO            6    .text               startup_da14585_586.o
    0x07fc0574   0x07fc0574   0x00001544   Code   RO          103    .text               da14585_586.lib(patch.o)
    0x07fc1ab8   0x07fc1ab8   0x00000114   Code   RO          108    .text               da14585_586.lib(rf_calibration.o)
    0x07fc1bcc   0x07fc1bcc   0x000000e8   Code   RO          110    .text               da14585_586.lib(smpc_util.o)
    0x07fc1cb4   0x07fc1cb4   0x00000060   Code   RO          428    .text               mc_p.l(uldiv.o)
    0x07fc1d14   0x07fc1d14   0x00000000   Code   RO          437    .text               mc_p.l(iusefp.o)
    0x07fc1d14   0x07fc1d14   0x00000164   Code   RO          438    .text               mf_p.l(dadd.o)
    0x07fc1e78   0x07fc1e78   0x000000d0   Code   RO          440    .text               mf_p.l(dmul.o)
    0x07fc1f48   0x07fc1f48   0x000000f0   Code   RO          442    .text               mf_p.l(ddiv.o)
    0x07fc2038   0x07fc2038   0x00000030   Code   RO          452    .text               mc_p.l(init.o)
    0x07fc2068   0x07fc2068   0x00000022   Code   RO          455    .text               mc_p.l(llushr.o)
    0x07fc208a   0x07fc208a   0x00000026   Code   RO          457    .text               mc_p.l(llsshr.o)
    0x07fc20b0   0x07fc20b0   0x000000be   Code   RO          460    .text               mf_p.l(depilogue.o)
    0x07fc216e   0x07fc216e   0x0000002c   Code   RO          464    .text               mf_p.l(dscalb.o)
    0x07fc219a   0x07fc219a   0x00000002   PAD
    0x07fc219c   0x07fc219c   0x00000028   Code   RO          466    .text               mf_p.l(dflti.o)
    0x07fc21c4   0x07fc21c4   0x0000001c   Code   RO          468    .text               mf_p.l(dfltui.o)
    0x07fc21e0   0x07fc21e0   0x00000048   Code   RO          470    .text               mf_p.l(dfixi.o)
    0x07fc2228   0x07fc2228   0x0000000c   Code   RO          553    .text.ADC_Handler   lto-llvm-116631.o
    0x07fc2234   0x07fc2234   0x00000188   Code   RO          595    .text.BLE_WAKEUP_LP_Handler  lto-llvm-116631.o
    0x07fc23bc   0x07fc23bc   0x00000008   Code   RO          887    .text.DEV_SPI_WriteByte  lto-llvm-116631.o
    0x07fc23c4   0x07fc23c4   0x00000010   Code   RO          889    .text.EPD_2IN13_V2_ReadBusy  lto-llvm-116631.o
    0x07fc23d4   0x07fc23d4   0x00000020   Code   RO          891    .text.EPD_2IN13_V2_SendCommand  lto-llvm-116631.o
    0x07fc23f4   0x07fc23f4   0x00000018   Code   RO          893    .text.EPD_2IN13_V2_SendData  lto-llvm-116631.o
    0x07fc240c   0x07fc240c   0x0000026c   Code   RO          925    .text.EPD_DrawUTF8  lto-llvm-116631.o
    0x07fc2678   0x07fc2678   0x00000030   Code   RO          885    .text.EPD_GPIO_init  lto-llvm-116631.o
    0x07fc26a8   0x07fc26a8   0x0000000a   Code   RO          531    .text.GPIO0_Handler  lto-llvm-116631.o
    0x07fc26b2   0x07fc26b2   0x0000000a   Code   RO          533    .text.GPIO1_Handler  lto-llvm-116631.o
    0x07fc26bc   0x07fc26bc   0x0000000a   Code   RO          535    .text.GPIO2_Handler  lto-llvm-116631.o
    0x07fc26c6   0x07fc26c6   0x0000000a   Code   RO          537    .text.GPIO3_Handler  lto-llvm-116631.o
    0x07fc26d0   0x07fc26d0   0x0000000a   Code   RO          539    .text.GPIO4_Handler  lto-llvm-116631.o
    0x07fc26da   0x07fc26da   0x00000002   PAD
    0x07fc26dc   0x07fc26dc   0x00000028   Code   RO          525    .text.GPIO_ConfigurePin  lto-llvm-116631.o
    0x07fc2704   0x07fc2704   0x00000018   Code   RO          527    .text.GPIO_SetActive  lto-llvm-116631.o
    0x07fc271c   0x07fc271c   0x00000044   Code   RO          529    .text.GPIOn_Handler  lto-llvm-116631.o
    0x07fc2760   0x07fc2760   0x00000018   Code   RO          475    .text.HardFault_HandlerC  lto-llvm-116631.o
    0x07fc2778   0x07fc2778   0x00000010   Code   RO          587    .text.I2C_Handler   lto-llvm-116631.o
    0x07fc2788   0x07fc2788   0x0000003c   Code   RO          477    .text.NMI_HandlerC  lto-llvm-116631.o
    0x07fc27c4   0x07fc27c4   0x00000048   Code   RO          915    .text.Paint_Clear   lto-llvm-116631.o
    0x07fc280c   0x07fc280c   0x000001d8   Code   RO          923    .text.Paint_DrawCircle  lto-llvm-116631.o
    0x07fc29e4   0x07fc29e4   0x000000c0   Code   RO          919    .text.Paint_DrawLine  lto-llvm-116631.o
    0x07fc2aa4   0x07fc2aa4   0x00000058   Code   RO          917    .text.Paint_DrawPoint  lto-llvm-116631.o
    0x07fc2afc   0x07fc2afc   0x00000050   Code   RO          921    .text.Paint_DrawRectangle  lto-llvm-116631.o
    0x07fc2b4c   0x07fc2b4c   0x00000028   Code   RO          911    .text.Paint_NewImage  lto-llvm-116631.o
    0x07fc2b74   0x07fc2b74   0x0000008c   Code   RO          913    .text.Paint_SetPixel  lto-llvm-116631.o
    0x07fc2c00   0x07fc2c00   0x00000002   Code   RO          613    .text.RADIOCNTL_Handler  lto-llvm-116631.o
    0x07fc2c02   0x07fc2c02   0x00000002   Code   RO          589    .text.SysTick_Handler  lto-llvm-116631.o
    0x07fc2c04   0x07fc2c04   0x00000090   Code   RO          581    .text.UART2_Handler  lto-llvm-116631.o
    0x07fc2c94   0x07fc2c94   0x00000060   Code   RO          541    .text.WKUP_QUADEC_Handler  lto-llvm-116631.o
    0x07fc2cf4   0x07fc2cf4   0x00000028   Code   RO          485    .text._puts         lto-llvm-116631.o
    0x07fc2d1c   0x07fc2d1c   0x00000024   Code   RO          547    .text.adc_get_sample  lto-llvm-116631.o
    0x07fc2d40   0x07fc2d40   0x00000060   Code   RO          549    .text.adc_get_vbat_sample  lto-llvm-116631.o
    0x07fc2da0   0x07fc2da0   0x00000074   Code   RO          545    .text.adc_init      lto-llvm-116631.o
    0x07fc2e14   0x07fc2e14   0x00000020   Code   RO          551    .text.adc_usDelay   lto-llvm-116631.o
    0x07fc2e34   0x07fc2e34   0x00000088   Code   RO          877    .text.adv_data_update_timer_cb  lto-llvm-116631.o
    0x07fc2ebc   0x07fc2ebc   0x00000050   Code   RO          805    .text.app_bass_alert_timer_handler  lto-llvm-116631.o
    0x07fc2f0c   0x07fc2f0c   0x00000050   Code   RO          807    .text.app_bass_connect_timer_handler  lto-llvm-116631.o
    0x07fc2f5c   0x07fc2f5c   0x00000048   Code   RO          789    .text.app_bass_create_db  lto-llvm-116631.o
    0x07fc2fa4   0x07fc2fa4   0x00000048   Code   RO          791    .text.app_bass_enable  lto-llvm-116631.o
    0x07fc2fec   0x07fc2fec   0x00000020   Code   RO          795    .text.app_bass_process_handler  lto-llvm-116631.o
    0x07fc300c   0x07fc300c   0x00000028   Code   RO          803    .text.app_bass_timer_handler  lto-llvm-116631.o
    0x07fc3034   0x07fc3034   0x00000098   Code   RO          793    .text.app_batt_lvl  lto-llvm-116631.o
    0x07fc30cc   0x07fc30cc   0x00000034   Code   RO          865    .text.app_custs1_create_db  lto-llvm-116631.o
    0x07fc3100   0x07fc3100   0x00000004   Code   RO          867    .text.app_custs1_process_handler  lto-llvm-116631.o
    0x07fc3104   0x07fc3104   0x0000005c   Code   RO          735    .text.app_db_init_next  lto-llvm-116631.o
    0x07fc3160   0x07fc3160   0x00000038   Code   RO          809    .text.app_diss_create_db  lto-llvm-116631.o
    0x07fc3198   0x07fc3198   0x00000020   Code   RO          811    .text.app_diss_process_handler  lto-llvm-116631.o
    0x07fc31b8   0x07fc31b8   0x00000038   Code   RO          737    .text.app_easy_gap_disconnect  lto-llvm-116631.o
    0x07fc31f0   0x07fc31f0   0x00000054   Code   RO          849    .text.app_easy_security_tk_exch  lto-llvm-116631.o
    0x07fc3244   0x07fc3244   0x0000003c   Code   RO          861    .text.app_easy_timer  lto-llvm-116631.o
    0x07fc3280   0x07fc3280   0x00000050   Code   RO          863    .text.app_easy_timer_cancel  lto-llvm-116631.o
    0x07fc32d0   0x07fc32d0   0x00000064   Code   RO          843    .text.app_entry_point_handler  lto-llvm-116631.o
    0x07fc3334   0x07fc3334   0x00000094   Code   RO          827    .text.app_erase_flash_sectors  lto-llvm-116631.o
    0x07fc33c8   0x07fc33c8   0x000000c0   Code   RO          869    .text.app_fill_random_byte_array  lto-llvm-116631.o
    0x07fc3488   0x07fc3488   0x000000d8   Code   RO          825    .text.app_flash_write_data  lto-llvm-116631.o
    0x07fc3560   0x07fc3560   0x00000020   Code   RO          743    .text.app_gap_process_handler  lto-llvm-116631.o
    0x07fc3580   0x07fc3580   0x00000038   Code   RO          847    .text.app_msg_utils_api_process_handler  lto-llvm-116631.o
    0x07fc35b8   0x07fc35b8   0x0000001c   Code   RO          831    .text.app_read_ext_mem  lto-llvm-116631.o
    0x07fc35d4   0x07fc35d4   0x00000020   Code   RO          773    .text.app_sec_process_handler  lto-llvm-116631.o
    0x07fc35f4   0x07fc35f4   0x0000000e   Code   RO          823    .text.app_spi_flash_init  lto-llvm-116631.o
    0x07fc3602   0x07fc3602   0x00000002   PAD
    0x07fc3604   0x07fc3604   0x00000070   Code   RO          845    .text.app_std_process_event  lto-llvm-116631.o
    0x07fc3674   0x07fc3674   0x00000034   Code   RO          815    .text.app_suotar_create_db  lto-llvm-116631.o
    0x07fc36a8   0x07fc36a8   0x00000020   Code   RO          833    .text.app_suotar_process_handler  lto-llvm-116631.o
    0x07fc36c8   0x07fc36c8   0x00000080   Code   RO          821    .text.app_suotar_spi_config  lto-llvm-116631.o
    0x07fc3748   0x07fc3748   0x00000058   Code   RO          819    .text.app_suotar_stop  lto-llvm-116631.o
    0x07fc37a0   0x07fc37a0   0x00000130   Code   RO          853    .text.app_timer_api_process_handler  lto-llvm-116631.o
    0x07fc38d0   0x07fc38d0   0x0000001c   Code   RO          739    .text.app_timer_set  lto-llvm-116631.o
    0x07fc38ec   0x07fc38ec   0x00000096   Code   RO          483    .text.arch_itoa     lto-llvm-116631.o
    0x07fc3982   0x07fc3982   0x00000002   PAD
    0x07fc3984   0x07fc3984   0x00000190   Code   RO          481    .text.arch_printf   lto-llvm-116631.o
    0x07fc3b14   0x07fc3b14   0x00000064   Code   RO          479    .text.arch_printf_flush  lto-llvm-116631.o
    0x07fc3b78   0x07fc3b78   0x00000010   Code   RO          487    .text.arch_strlen   lto-llvm-116631.o
    0x07fc3b88   0x07fc3b88   0x00000018   Code   RO          513    .text.ba431_get_rand_func  lto-llvm-116631.o
    0x07fc3ba0   0x07fc3ba0   0x00000004   Code   RO          801    .text.bass_batt_level_ntf_cfg_ind_handler  lto-llvm-116631.o
    0x07fc3ba4   0x07fc3ba4   0x00000070   Code   RO          725    .text.bass_batt_level_upd_req_handler  lto-llvm-116631.o
    0x07fc3c14   0x07fc3c14   0x00000004   Code   RO          799    .text.bass_batt_level_upd_rsp_handler  lto-llvm-116631.o
    0x07fc3c18   0x07fc3c18   0x0000001c   Code   RO          715    .text.bass_cleanup  lto-llvm-116631.o
    0x07fc3c34   0x07fc3c34   0x00000024   Code   RO          713    .text.bass_create   lto-llvm-116631.o
    0x07fc3c58   0x07fc3c58   0x0000001c   Code   RO          711    .text.bass_destroy  lto-llvm-116631.o
    0x07fc3c74   0x07fc3c74   0x0000007c   Code   RO          723    .text.bass_enable_req_handler  lto-llvm-116631.o
    0x07fc3cf0   0x07fc3cf0   0x00000004   Code   RO          797    .text.bass_enable_rsp_handler  lto-llvm-116631.o
    0x07fc3cf4   0x07fc3cf4   0x0000011c   Code   RO          719    .text.bass_exe_operation  lto-llvm-116631.o
    0x07fc3e10   0x07fc3e10   0x00000060   Code   RO          717    .text.bass_get_att_idx  lto-llvm-116631.o
    0x07fc3e70   0x07fc3e70   0x00000168   Code   RO          709    .text.bass_init     lto-llvm-116631.o
    0x07fc3fd8   0x07fc3fd8   0x00000068   Code   RO          721    .text.bass_notify_batt_lvl  lto-llvm-116631.o
    0x07fc4040   0x07fc4040   0x000000e0   Code   RO          543    .text.battery_get_lvl  lto-llvm-116631.o
    0x07fc4120   0x07fc4120   0x00000034   Code   RO          905    .text.bls_att_pushNotifyData  lto-llvm-116631.o
    0x07fc4154   0x07fc4154   0x00000080   Code   RO          859    .text.create_timer  lto-llvm-116631.o
    0x07fc41d4   0x07fc41d4   0x00000002   Code   RO          507    .text.crypto_init_func  lto-llvm-116631.o
    0x07fc41d6   0x07fc41d6   0x00000002   PAD
    0x07fc41d8   0x07fc41d8   0x00000050   Code   RO          671    .text.custs1_att_get_value  lto-llvm-116631.o
    0x07fc4228   0x07fc4228   0x00000040   Code   RO          665    .text.custs1_att_info_rsp_handler  lto-llvm-116631.o
    0x07fc4268   0x07fc4268   0x00000062   Code   RO          675    .text.custs1_att_set_value  lto-llvm-116631.o
    0x07fc42ca   0x07fc42ca   0x00000002   PAD
    0x07fc42cc   0x07fc42cc   0x00000050   Code   RO          649    .text.custs1_cleanup  lto-llvm-116631.o
    0x07fc431c   0x07fc431c   0x0000004c   Code   RO          647    .text.custs1_create  lto-llvm-116631.o
    0x07fc4368   0x07fc4368   0x00000028   Code   RO          645    .text.custs1_destroy  lto-llvm-116631.o
    0x07fc4390   0x07fc4390   0x00000104   Code   RO          669    .text.custs1_exe_operation  lto-llvm-116631.o
    0x07fc4494   0x07fc4494   0x0000001c   Code   RO          623    .text.custs1_get_att_handle  lto-llvm-116631.o
    0x07fc44b0   0x07fc44b0   0x00000026   Code   RO          625    .text.custs1_get_att_idx  lto-llvm-116631.o
    0x07fc44d6   0x07fc44d6   0x00000002   PAD
    0x07fc44d8   0x07fc44d8   0x00000270   Code   RO          643    .text.custs1_init   lto-llvm-116631.o
    0x07fc4748   0x07fc4748   0x00000078   Code   RO          673    .text.custs1_set_ccc_value  lto-llvm-116631.o
    0x07fc47c0   0x07fc47c0   0x00000078   Code   RO          663    .text.custs1_val_ind_req_handler  lto-llvm-116631.o
    0x07fc4838   0x07fc4838   0x00000080   Code   RO          659    .text.custs1_val_ntf_req_handler  lto-llvm-116631.o
    0x07fc48b8   0x07fc48b8   0x00000022   Code   RO          661    .text.custs1_val_set_req_handler  lto-llvm-116631.o
    0x07fc48da   0x07fc48da   0x00000002   PAD
    0x07fc48dc   0x07fc48dc   0x00000078   Code   RO          667    .text.custs1_value_req_rsp_handler  lto-llvm-116631.o
    0x07fc4954   0x07fc4954   0x00000070   Code   RO          907    .text.day_of_week_get  lto-llvm-116631.o
    0x07fc49c4   0x07fc49c4   0x00000002   Code   RO          503    .text.dbg_init_func_empty  lto-llvm-116631.o
    0x07fc49c6   0x07fc49c6   0x00000002   Code   RO          505    .text.dbg_platform_reset_complete_func_empty  lto-llvm-116631.o
    0x07fc49c8   0x07fc49c8   0x00000008   Code   RO          509    .text.dia_rand_func  lto-llvm-116631.o
    0x07fc49d0   0x07fc49d0   0x00000008   Code   RO          511    .text.dia_srand_func  lto-llvm-116631.o
    0x07fc49d8   0x07fc49d8   0x000002f0   Code   RO          903    .text.display       lto-llvm-116631.o
    0x07fc4cc8   0x07fc4cc8   0x00000002   Code   RO          633    .text.diss_cleanup  lto-llvm-116631.o
    0x07fc4cca   0x07fc4cca   0x00000002   Code   RO          631    .text.diss_create   lto-llvm-116631.o
    0x07fc4ccc   0x07fc4ccc   0x00000026   Code   RO          629    .text.diss_destroy  lto-llvm-116631.o
    0x07fc4cf2   0x07fc4cf2   0x00000002   PAD
    0x07fc4cf4   0x07fc4cf4   0x000000d8   Code   RO          627    .text.diss_init     lto-llvm-116631.o
    0x07fc4dcc   0x07fc4dcc   0x000000bc   Code   RO          637    .text.diss_set_value_req_handler  lto-llvm-116631.o
    0x07fc4e88   0x07fc4e88   0x00000084   Code   RO          641    .text.diss_value_cfm_handler  lto-llvm-116631.o
    0x07fc4f0c   0x07fc4f0c   0x00000088   Code   RO          813    .text.diss_value_req_ind_handler  lto-llvm-116631.o
    0x07fc4f94   0x07fc4f94   0x00000026   Code   RO          635    .text.diss_value_to_handle  lto-llvm-116631.o
    0x07fc4fba   0x07fc4fba   0x00000002   PAD
    0x07fc4fbc   0x07fc4fbc   0x00000778   Code   RO          897    .text.do_display_update_with_analog_clock  lto-llvm-116631.o
    0x07fc5734   0x07fc5734   0x00000064   Code   RO          901    .text.do_min_work_with_analog_clock  lto-llvm-116631.o
    0x07fc5798   0x07fc5798   0x00000220   Code   RO          895    .text.do_time_show_diff  lto-llvm-116631.o
    0x07fc59b8   0x07fc59b8   0x0000001c   Code   RO          929    .text.draw_rectangle_filled  lto-llvm-116631.o
    0x07fc59d4   0x07fc59d4   0x00000098   Code   RO          927    .text.draw_seven_segment_digit  lto-llvm-116631.o
    0x07fc5a6c   0x07fc5a6c   0x00000128   Code   RO          777    .text.gapc_bond_ind_handler  lto-llvm-116631.o
    0x07fc5b94   0x07fc5b94   0x0000014c   Code   RO          775    .text.gapc_bond_req_ind_handler  lto-llvm-116631.o
    0x07fc5ce0   0x07fc5ce0   0x00000024   Code   RO          749    .text.gapc_cmp_evt_handler  lto-llvm-116631.o
    0x07fc5d04   0x07fc5d04   0x00000144   Code   RO          751    .text.gapc_connection_req_ind_handler  lto-llvm-116631.o
    0x07fc5e48   0x07fc5e48   0x00000074   Code   RO          753    .text.gapc_disconnect_ind_handler  lto-llvm-116631.o
    0x07fc5ebc   0x07fc5ebc   0x00000018   Code   RO          781    .text.gapc_encrypt_ind_handler  lto-llvm-116631.o
    0x07fc5ed4   0x07fc5ed4   0x00000004   Code   RO          779    .text.gapc_encrypt_req_ind_handler  lto-llvm-116631.o
    0x07fc5ed8   0x07fc5ed8   0x00000094   Code   RO          755    .text.gapc_get_dev_info_req_ind_handler  lto-llvm-116631.o
    0x07fc5f6c   0x07fc5f6c   0x00000004   Code   RO          765    .text.gapc_le_pkt_size_ind_handler  lto-llvm-116631.o
    0x07fc5f70   0x07fc5f70   0x00000020   Code   RO          763    .text.gapc_param_update_req_ind_handler  lto-llvm-116631.o
    0x07fc5f90   0x07fc5f90   0x00000004   Code   RO          769    .text.gapc_peer_features_ind_handler  lto-llvm-116631.o
    0x07fc5f94   0x07fc5f94   0x00000004   Code   RO          771    .text.gapc_security_ind_handler  lto-llvm-116631.o
    0x07fc5f98   0x07fc5f98   0x0000005c   Code   RO          757    .text.gapc_set_dev_info_req_ind_handler  lto-llvm-116631.o
    0x07fc5ff4   0x07fc5ff4   0x00000004   Code   RO          783    .text.gapm_addr_solved_ind_handler  lto-llvm-116631.o
    0x07fc5ff8   0x07fc5ff8   0x00000004   Code   RO          761    .text.gapm_adv_report_ind_handler  lto-llvm-116631.o
    0x07fc5ffc   0x07fc5ffc   0x000000fc   Code   RO          747    .text.gapm_cmp_evt_handler  lto-llvm-116631.o
    0x07fc60f8   0x07fc60f8   0x00000040   Code   RO          745    .text.gapm_device_ready_ind_handler  lto-llvm-116631.o
    0x07fc6138   0x07fc6138   0x00000150   Code   RO          759    .text.gapm_profile_added_ind_handler  lto-llvm-116631.o
    0x07fc6288   0x07fc6288   0x00000004   Code   RO          787    .text.gapm_ral_addr_ind_handler  lto-llvm-116631.o
    0x07fc628c   0x07fc628c   0x00000004   Code   RO          785    .text.gapm_ral_size_ind_handler  lto-llvm-116631.o
    0x07fc6290   0x07fc6290   0x00000058   Code   RO          655    .text.gattc_att_info_req_ind_handler  lto-llvm-116631.o
    0x07fc62e8   0x07fc62e8   0x00000054   Code   RO          727    .text.gattc_att_info_req_ind_handler.107  lto-llvm-116631.o
    0x07fc633c   0x07fc633c   0x00000014   Code   RO          657    .text.gattc_cmp_evt_handler  lto-llvm-116631.o
    0x07fc6350   0x07fc6350   0x00000010   Code   RO          733    .text.gattc_cmp_evt_handler.110  lto-llvm-116631.o
    0x07fc6360   0x07fc6360   0x000000e0   Code   RO          639    .text.gattc_read_req_ind_handler  lto-llvm-116631.o
    0x07fc6440   0x07fc6440   0x000000a8   Code   RO          701    .text.gattc_read_req_ind_handler.101  lto-llvm-116631.o
    0x07fc64e8   0x07fc64e8   0x000000c8   Code   RO          731    .text.gattc_read_req_ind_handler.109  lto-llvm-116631.o
    0x07fc65b0   0x07fc65b0   0x00000128   Code   RO          651    .text.gattc_read_req_ind_handler.74  lto-llvm-116631.o
    0x07fc66d8   0x07fc66d8   0x00000004   Code   RO          767    .text.gattc_svc_changed_cfg_ind_handler  lto-llvm-116631.o
    0x07fc66dc   0x07fc66dc   0x000001b0   Code   RO          653    .text.gattc_write_req_ind_handler  lto-llvm-116631.o
    0x07fc688c   0x07fc688c   0x000001e4   Code   RO          703    .text.gattc_write_req_ind_handler.102  lto-llvm-116631.o
    0x07fc6a70   0x07fc6a70   0x000000d8   Code   RO          729    .text.gattc_write_req_ind_handler.108  lto-llvm-116631.o
    0x07fc6b48   0x07fc6b48   0x0000006c   Code   RO          621    .text.get_cfg_handle  lto-llvm-116631.o
    0x07fc6bb4   0x07fc6bb4   0x00000050   Code   RO          517    .text.get_rc16m_count  lto-llvm-116631.o
    0x07fc6c04   0x07fc6c04   0x00000024   Code   RO          741    .text.get_user_prf_srv_perm  lto-llvm-116631.o
    0x07fc6c28   0x07fc6c28   0x0000007c   Code   RO          593    .text.lld_sleep_compensate_func  lto-llvm-116631.o
    0x07fc6ca4   0x07fc6ca4   0x00000024   Code   RO          523    .text.lld_sleep_init_func  lto-llvm-116631.o
    0x07fc6cc8   0x07fc6cc8   0x00000008   Code   RO          521    .text.lld_sleep_lpcycles_2_us_sel_func  lto-llvm-116631.o
    0x07fc6cd0   0x07fc6cd0   0x00000008   Code   RO          519    .text.lld_sleep_us_2_lpcycles_sel_func  lto-llvm-116631.o
    0x07fc6cd8   0x07fc6cd8   0x00000034   Code   RO          851    .text.ltk_exch_create_msg  lto-llvm-116631.o
    0x07fc6d0c   0x07fc6d0c   0x00000a34   Code   RO          499    .text.main          lto-llvm-116631.o
    0x07fc7740   0x07fc7740   0x00000024   Code   RO          879    .text.mnf_data_update  lto-llvm-116631.o
    0x07fc7764   0x07fc7764   0x00000004   Code   RO          495    .text.nvds_del_func  lto-llvm-116631.o
    0x07fc7768   0x07fc7768   0x000000c0   Code   RO          491    .text.nvds_get_func  lto-llvm-116631.o
    0x07fc7828   0x07fc7828   0x00000004   Code   RO          493    .text.nvds_init_func  lto-llvm-116631.o
    0x07fc782c   0x07fc782c   0x00000004   Code   RO          497    .text.nvds_put_func  lto-llvm-116631.o
    0x07fc7830   0x07fc7830   0x0000002a   Code   RO          873    .text.on_suotar_status_change  lto-llvm-116631.o
    0x07fc785a   0x07fc785a   0x00000002   PAD
    0x07fc785c   0x07fc785c   0x00000058   Code   RO          881    .text.param_update_request_timer_cb  lto-llvm-116631.o
    0x07fc78b4   0x07fc78b4   0x0000013c   Code   RO          871    .text.periph_init   lto-llvm-116631.o
    0x07fc79f0   0x07fc79f0   0x00000018   Code   RO          501    .text.platform_reset_func  lto-llvm-116631.o
    0x07fc7a08   0x07fc7a08   0x00000068   Code   RO          681    .text.prf_add_profile_func  lto-llvm-116631.o
    0x07fc7a70   0x07fc7a70   0x0000002c   Code   RO          685    .text.prf_cleanup_func  lto-llvm-116631.o
    0x07fc7a9c   0x07fc7a9c   0x00000028   Code   RO          683    .text.prf_create_func  lto-llvm-116631.o
    0x07fc7ac4   0x07fc7ac4   0x0000001c   Code   RO          687    .text.prf_env_get   lto-llvm-116631.o
    0x07fc7ae0   0x07fc7ae0   0x00000028   Code   RO          689    .text.prf_get_id_from_task_func  lto-llvm-116631.o
    0x07fc7b08   0x07fc7b08   0x00000028   Code   RO          691    .text.prf_get_task_from_id_func  lto-llvm-116631.o
    0x07fc7b30   0x07fc7b30   0x00000064   Code   RO          677    .text.prf_init_func  lto-llvm-116631.o
    0x07fc7b94   0x07fc7b94   0x00000038   Code   RO          679    .text.prf_itf_get   lto-llvm-116631.o
    0x07fc7bcc   0x07fc7bcc   0x00000002   Code   RO          615    .text.rf_force_agc_enable  lto-llvm-116631.o
    0x07fc7bce   0x07fc7bce   0x00000002   PAD
    0x07fc7bd0   0x07fc7bd0   0x000000a8   Code   RO          601    .text.rf_init_func  lto-llvm-116631.o
    0x07fc7c78   0x07fc7c78   0x00000004   Code   RO          603    .text.rf_reg_rd     lto-llvm-116631.o
    0x07fc7c7c   0x07fc7c7c   0x00000002   Code   RO          605    .text.rf_reg_wr     lto-llvm-116631.o
    0x07fc7c7e   0x07fc7c7e   0x00000002   PAD
    0x07fc7c80   0x07fc7c80   0x00000050   Code   RO          599    .text.rf_regs       lto-llvm-116631.o
    0x07fc7cd0   0x07fc7cd0   0x0000004c   Code   RO          619    .text.rf_reinit_func  lto-llvm-116631.o
    0x07fc7d1c   0x07fc7d1c   0x00000002   Code   RO          611    .text.rf_reset      lto-llvm-116631.o
    0x07fc7d1e   0x07fc7d1e   0x00000008   Code   RO          617    .text.rf_rssi_convert  lto-llvm-116631.o
    0x07fc7d26   0x07fc7d26   0x00000002   PAD
    0x07fc7d28   0x07fc7d28   0x00000010   Code   RO          609    .text.rf_sleep      lto-llvm-116631.o
    0x07fc7d38   0x07fc7d38   0x00000004   Code   RO          607    .text.rf_txpwr_dbm_get  lto-llvm-116631.o
    0x07fc7d3c   0x07fc7d3c   0x000000f4   Code   RO          597    .text.rwble_isr     lto-llvm-116631.o
    0x07fc7e30   0x07fc7e30   0x00000038   Code   RO          515    .text.set_sleep_delay  lto-llvm-116631.o
    0x07fc7e68   0x07fc7e68   0x00000038   Code   RO          561    .text.spi_access    lto-llvm-116631.o
    0x07fc7ea0   0x07fc7ea0   0x00000010   Code   RO          555    .text.spi_cs_high   lto-llvm-116631.o
    0x07fc7eb0   0x07fc7eb0   0x00000020   Code   RO          559    .text.spi_cs_low    lto-llvm-116631.o
    0x07fc7ed0   0x07fc7ed0   0x00000074   Code   RO          573    .text.spi_flash_auto_detect  lto-llvm-116631.o
    0x07fc7f44   0x07fc7f44   0x00000012   Code   RO          565    .text.spi_flash_is_busy  lto-llvm-116631.o
    0x07fc7f56   0x07fc7f56   0x00000002   PAD
    0x07fc7f58   0x07fc7f58   0x0000001c   Code   RO          899    .text.spi_flash_peripheral_init  lto-llvm-116631.o
    0x07fc7f74   0x07fc7f74   0x00000060   Code   RO          579    .text.spi_flash_read_data  lto-llvm-116631.o
    0x07fc7fd4   0x07fc7fd4   0x00000014   Code   RO          567    .text.spi_flash_read_status_reg  lto-llvm-116631.o
    0x07fc7fe8   0x07fc7fe8   0x00000018   Code   RO          571    .text.spi_flash_release_from_power_down  lto-llvm-116631.o
    0x07fc8000   0x07fc8000   0x0000001a   Code   RO          575    .text.spi_flash_ultra_deep_power_down  lto-llvm-116631.o
    0x07fc801a   0x07fc801a   0x00000002   PAD
    0x07fc801c   0x07fc801c   0x00000028   Code   RO          569    .text.spi_flash_wait_till_ready  lto-llvm-116631.o
    0x07fc8044   0x07fc8044   0x00000036   Code   RO          577    .text.spi_flash_write_enable  lto-llvm-116631.o
    0x07fc807a   0x07fc807a   0x00000002   PAD
    0x07fc807c   0x07fc807c   0x00000028   Code   RO          557    .text.spi_set_bitmode  lto-llvm-116631.o
    0x07fc80a4   0x07fc80a4   0x00000018   Code   RO          563    .text.spi_transaction  lto-llvm-116631.o
    0x07fc80bc   0x07fc80bc   0x00000034   Code   RO          699    .text.suotar_cleanup  lto-llvm-116631.o
    0x07fc80f0   0x07fc80f0   0x00000002   Code   RO          697    .text.suotar_create  lto-llvm-116631.o
    0x07fc80f2   0x07fc80f2   0x00000010   Code   RO          695    .text.suotar_destroy  lto-llvm-116631.o
    0x07fc8102   0x07fc8102   0x00000002   PAD
    0x07fc8104   0x07fc8104   0x0000003c   Code   RO          837    .text.suotar_gpio_map_ind_handler  lto-llvm-116631.o
    0x07fc8140   0x07fc8140   0x00000498   Code   RO          693    .text.suotar_init   lto-llvm-116631.o
    0x07fc85d8   0x07fc85d8   0x00000038   Code   RO          705    .text.suotar_mem_info_update_req_handler  lto-llvm-116631.o
    0x07fc8610   0x07fc8610   0x000002e4   Code   RO          841    .text.suotar_patch_data_ind_handler  lto-llvm-116631.o
    0x07fc88f4   0x07fc88f4   0x00000048   Code   RO          839    .text.suotar_patch_len_ind_handler  lto-llvm-116631.o
    0x07fc893c   0x07fc893c   0x00000140   Code   RO          835    .text.suotar_patch_mem_dev_ind_handler  lto-llvm-116631.o
    0x07fc8a7c   0x07fc8a7c   0x00000024   Code   RO          829    .text.suotar_send_mem_info_update_req  lto-llvm-116631.o
    0x07fc8aa0   0x07fc8aa0   0x00000024   Code   RO          817    .text.suotar_send_status_update_req  lto-llvm-116631.o
    0x07fc8ac4   0x07fc8ac4   0x00000080   Code   RO          707    .text.suotar_status_update_req_handler  lto-llvm-116631.o
    0x07fc8b44   0x07fc8b44   0x00000050   Code   RO          591    .text.systick_wait  lto-llvm-116631.o
    0x07fc8b94   0x07fc8b94   0x00000002   Code   RO          855    .text.timer_canceled_handler  lto-llvm-116631.o
    0x07fc8b96   0x07fc8b96   0x00000002   Code   RO          857    .text.timer_modified_handler  lto-llvm-116631.o
    0x07fc8b98   0x07fc8b98   0x000000d8   Code   RO          909    .text.transformTime  lto-llvm-116631.o
    0x07fc8c70   0x07fc8c70   0x0000008c   Code   RO          489    .text.uart_callback  lto-llvm-116631.o
    0x07fc8cfc   0x07fc8cfc   0x0000000c   Code   RO          583    .text.uart_rx_isr   lto-llvm-116631.o
    0x07fc8d08   0x07fc8d08   0x00000060   Code   RO          585    .text.uart_send     lto-llvm-116631.o
    0x07fc8d68   0x07fc8d68   0x00000158   Code   RO          875    .text.user_app_adv_start  lto-llvm-116631.o
    0x07fc8ec0   0x07fc8ec0   0x000003a4   Code   RO          883    .text.user_catch_rest_hndl  lto-llvm-116631.o
    0x07fc9264   0x07fc9264   0x00000028   Code   RO          330    i.__0sprintf$8      mc_p.l(printf8.o)
    0x07fc928c   0x07fc928c   0x0000002e   Code   RO          462    i.__ARM_clz         mf_p.l(depilogue.o)
    0x07fc92ba   0x07fc92ba   0x00000032   Code   RO          404    i.__ARM_common_ll_muluu  m_ps.l(rred.o)
    0x07fc92ec   0x07fc92ec   0x0000002c   Code   RO          448    i.__ARM_fpclassify  m_ps.l(fpclassify.o)
    0x07fc9318   0x07fc9318   0x0000039c   Code   RO          399    i.__ieee754_rem_pio2  m_ps.l(rred.o)
    0x07fc96b4   0x07fc96b4   0x000000f4   Code   RO          382    i.__kernel_cos      m_ps.l(cos_i.o)
    0x07fc97a8   0x07fc97a8   0x000000ac   Code   RO          450    i.__kernel_poly     m_ps.l(poly.o)
    0x07fc9854   0x07fc9854   0x000000ec   Code   RO          406    i.__kernel_sin      m_ps.l(sin_i.o)
    0x07fc9940   0x07fc9940   0x0000000a   Code   RO          386    i.__mathlib_dbl_infnan  m_ps.l(dunder.o)
    0x07fc994a   0x07fc994a   0x00000010   Code   RO          388    i.__mathlib_dbl_invalid  m_ps.l(dunder.o)
    0x07fc995a   0x07fc995a   0x00000002   PAD
    0x07fc995c   0x07fc995c   0x00000014   Code   RO          391    i.__mathlib_dbl_underflow  m_ps.l(dunder.o)
    0x07fc9970   0x07fc9970   0x0000000e   Code   RO         1017    i.__scatterload_copy  mc_p.l(handlers.o)
    0x07fc997e   0x07fc997e   0x00000002   Code   RO         1018    i.__scatterload_null  mc_p.l(handlers.o)
    0x07fc9980   0x07fc9980   0x0000000e   Code   RO         1019    i.__scatterload_zeroinit  mc_p.l(handlers.o)
    0x07fc998e   0x07fc998e   0x00000002   PAD
    0x07fc9990   0x07fc9990   0x0000000c   Code   RO          432    i.__set_errno       mc_p.l(errno.o)
    0x07fc999c   0x07fc999c   0x00000428   Code   RO          335    i._printf_core      mc_p.l(printf8.o)
    0x07fc9dc4   0x07fc9dc4   0x00000020   Code   RO          336    i._printf_post_padding  mc_p.l(printf8.o)
    0x07fc9de4   0x07fc9de4   0x0000002c   Code   RO          337    i._printf_pre_padding  mc_p.l(printf8.o)
    0x07fc9e10   0x07fc9e10   0x0000000a   Code   RO          339    i._sputc            mc_p.l(printf8.o)
    0x07fc9e1a   0x07fc9e1a   0x00000002   PAD
    0x07fc9e1c   0x07fc9e1c   0x00000098   Code   RO          113    i.cos               m_ps.l(cos.o)
    0x07fc9eb4   0x07fc9eb4   0x0000009c   Code   RO          117    i.sin               m_ps.l(sin.o)
    0x07fc9f50   0x07fc9f50   0x00000040   Code   RO          473    system_DA14xxx      lto-llvm-116631.o
    0x07fc9f90   0x07fc9f90   0x000000e0   Data   RO          104    .constdata          da14585_586.lib(patch.o)
    0x07fca070   0x07fca070   0x00000030   Data   RO          383    .constdata          m_ps.l(cos_i.o)
    0x07fca0a0   0x07fca0a0   0x000000cc   Data   RO          401    .constdata          m_ps.l(rred.o)
    0x07fca16c   0x07fca16c   0x00000004   PAD
    0x07fca170   0x07fca170   0x00000028   Data   RO          407    .constdata          m_ps.l(sin_i.o)
    0x07fca198   0x07fca198   0x00000018   Data   RO         1001    .rodata..L__const.draw_calendar_with_analog_clock.days_in_month  lto-llvm-116631.o
    0x07fca1b0   0x07fca1b0   0x0000001c   Data   RO         1000    .rodata..L__const.draw_calendar_with_analog_clock.week_names_cn  lto-llvm-116631.o
    0x07fca1cc   0x07fca1cc   0x00000046   Data   RO         1002    .rodata..L__const.draw_seven_segment_digit.segment_map  lto-llvm-116631.o
    0x07fca212   0x07fca212   0x00000002   PAD
    0x07fca214   0x07fca214   0x00000084   Data   RO          945    .rodata..L__const.spi_flash_auto_detect.known_spi_devs_list  lto-llvm-116631.o
    0x07fca298   0x07fca298   0x00000006   Data   RO          962    .rodata..Lswitch.table.gattc_read_req_ind_handler  lto-llvm-116631.o
    0x07fca29e   0x07fca29e   0x0000004c   Data   RO          989    .rodata.EPD_2IN13_V2_lut_full_update  lto-llvm-116631.o
    0x07fca2ea   0x07fca2ea   0x0000004c   Data   RO          990    .rodata.EPD_2IN13_V2_lut_partial_update  lto-llvm-116631.o
    0x07fca336   0x07fca336   0x00000be4   Data   RO         1003    .rodata.EPD_ASCII_11X16  lto-llvm-116631.o
    0x07fcaf1a   0x07fcaf1a   0x00000478   Data   RO         1004    .rodata.EPD_ASCII_7X12  lto-llvm-116631.o
    0x07fcb392   0x07fcb392   0x0000090a   Data   RO         1005    .rodata.EPD_FontUTF8_16x16  lto-llvm-116631.o
    0x07fcbc9c   0x07fcbc9c   0x00000060   Data   RO          999    .rodata.SEC_PER_MT  lto-llvm-116631.o
    0x07fcbcfc   0x07fcbcfc   0x00000010   Data   RO          981    .rodata.SVC1_LED_STATE_UUID_128  lto-llvm-116631.o
    0x07fcbd0c   0x07fcbd0c   0x00000010   Data   RO          985    .rodata.SVC2_WRITE_VAL_1_UUID_128  lto-llvm-116631.o
    0x07fcbd1c   0x07fcbd1c   0x00000010   Data   RO          987    .rodata.SVC3_READ_VAL_1_UUID_128  lto-llvm-116631.o
    0x07fcbd2c   0x07fcbd2c   0x00000010   Data   RO          965    .rodata.TASK_DESC_APP  lto-llvm-116631.o
    0x07fcbd3c   0x07fcbd3c   0x00000020   Data   RO         1006    .rodata.WEEKCN      lto-llvm-116631.o
    0x07fcbd5c   0x07fcbd5c   0x00000030   Data   RO          970    .rodata.app_bass_process_handlers  lto-llvm-116631.o
    0x07fcbd8c   0x07fcbd8c   0x00000008   Data   RO          967    .rodata.app_default_handler  lto-llvm-116631.o
    0x07fcbd94   0x07fcbd94   0x00000008   Data   RO          966    .rodata.app_default_state  lto-llvm-116631.o
    0x07fcbd9c   0x07fcbd9c   0x00000008   Data   RO          971    .rodata.app_diss_process_handlers  lto-llvm-116631.o
    0x07fcbda4   0x07fcbda4   0x00000070   Data   RO          968    .rodata.app_gap_process_handlers  lto-llvm-116631.o
    0x07fcbe14   0x07fcbe14   0x00000038   Data   RO          969    .rodata.app_sec_process_handlers  lto-llvm-116631.o
    0x07fcbe4c   0x07fcbe4c   0x00000020   Data   RO          974    .rodata.app_suotar_process_handlers  lto-llvm-116631.o
    0x07fcbe6c   0x07fcbe6c   0x00000002   Data   RO          980    .rodata.att_decl_char  lto-llvm-116631.o
    0x07fcbe6e   0x07fcbe6e   0x00000002   Data   RO          978    .rodata.att_decl_svc  lto-llvm-116631.o
    0x07fcbe70   0x07fcbe70   0x00000002   Data   RO          982    .rodata.att_desc_cfg  lto-llvm-116631.o
    0x07fcbe72   0x07fcbe72   0x00000002   Data   RO          983    .rodata.att_desc_user_desc  lto-llvm-116631.o
    0x07fcbe74   0x07fcbe74   0x0000003c   Data   RO          958    .rodata.bas_att_db  lto-llvm-116631.o
    0x07fcbeb0   0x07fcbeb0   0x00000008   Data   RO          961    .rodata.bass_default_handler  lto-llvm-116631.o
    0x07fcbeb8   0x07fcbeb8   0x00000030   Data   RO          960    .rodata.bass_default_state  lto-llvm-116631.o
    0x07fcbee8   0x07fcbee8   0x00000010   Data   RO          959    .rodata.bass_itf    lto-llvm-116631.o
    0x07fcbef8   0x07fcbef8   0x00000004   Data   RO          977    .rodata.cst4        lto-llvm-116631.o
    0x07fcbefc   0x07fcbefc   0x00000008   Data   RO          973    .rodata.cst8        lto-llvm-116631.o
    0x07fcbf04   0x07fcbf04   0x00000038   Data   RO          976    .rodata.cust_prf_funcs  lto-llvm-116631.o
    0x07fcbf3c   0x07fcbf3c   0x00000118   Data   RO          988    .rodata.custs1_att_db  lto-llvm-116631.o
    0x07fcc054   0x07fcc054   0x00000008   Data   RO          953    .rodata.custs1_default_handler  lto-llvm-116631.o
    0x07fcc05c   0x07fcc05c   0x00000048   Data   RO          952    .rodata.custs1_default_state  lto-llvm-116631.o
    0x07fcc0a4   0x07fcc0a4   0x00000010   Data   RO          951    .rodata.custs1_itf  lto-llvm-116631.o
    0x07fcc0b4   0x07fcc0b4   0x00000010   Data   RO          979    .rodata.custs1_svc1  lto-llvm-116631.o
    0x07fcc0c4   0x07fcc0c4   0x00000010   Data   RO          984    .rodata.custs1_svc2  lto-llvm-116631.o
    0x07fcc0d4   0x07fcc0d4   0x00000010   Data   RO          986    .rodata.custs1_svc3  lto-llvm-116631.o
    0x07fcc0e4   0x07fcc0e4   0x000000e4   Data   RO          947    .rodata.diss_att_db  lto-llvm-116631.o
    0x07fcc1c8   0x07fcc1c8   0x00000008   Data   RO          950    .rodata.diss_default_handler  lto-llvm-116631.o
    0x07fcc1d0   0x07fcc1d0   0x00000018   Data   RO          949    .rodata.diss_default_state  lto-llvm-116631.o
    0x07fcc1e8   0x07fcc1e8   0x00000010   Data   RO          948    .rodata.diss_itf    lto-llvm-116631.o
    0x07fcc1f8   0x07fcc1f8   0x0000027e   Data   RO          994    .rodata.gImage_Lunch  lto-llvm-116631.o
    0x07fcc476   0x07fcc476   0x0000027e   Data   RO          993    .rodata.gImage_Morning  lto-llvm-116631.o
    0x07fcc6f4   0x07fcc6f4   0x0000027e   Data   RO          991    .rodata.gImage_Sleep  lto-llvm-116631.o
    0x07fcc972   0x07fcc972   0x0000027e   Data   RO          996    .rodata.gImage_Work  lto-llvm-116631.o
    0x07fccbf0   0x07fccbf0   0x0000026c   Data   RO          992    .rodata.gImage_breakfast  lto-llvm-116631.o
    0x07fcce5c   0x07fcce5c   0x0000027e   Data   RO          997    .rodata.gImage_dinner  lto-llvm-116631.o
    0x07fcd0da   0x07fcd0da   0x0000027e   Data   RO          995    .rodata.gImage_rest  lto-llvm-116631.o
    0x07fcd358   0x07fcd358   0x0000005a   Data   RO          939    .rodata.gap_cfg_user_var_struct  lto-llvm-116631.o
    0x07fcd3b2   0x07fcd3b2   0x0000000e   Data   RO          932    .rodata.nvds_data_storage  lto-llvm-116631.o
    0x07fcd3c0   0x07fcd3c0   0x00000030   Data   RO          963    .rodata.prf_funcs   lto-llvm-116631.o
    0x07fcd3f0   0x07fcd3f0   0x000000bc   Data   RO          941    .rodata.rom_cfg_table_var  lto-llvm-116631.o
    0x07fcd4ac   0x07fcd4ac   0x00000184   Data   RO          940    .rodata.rom_func_addr_table_var  lto-llvm-116631.o
    0x07fcd630   0x07fcd630   0x000000c8   Data   RO          972    .rodata.str1.1      lto-llvm-116631.o
    0x07fcd6f8   0x07fcd6f8   0x0000000b   Data   RO          964    .rodata.str1.4      lto-llvm-116631.o
    0x07fcd703   0x07fcd703   0x00000001   PAD
    0x07fcd704   0x07fcd704   0x00000008   Data   RO          957    .rodata.suotar_default_handler  lto-llvm-116631.o
    0x07fcd70c   0x07fcd70c   0x00000020   Data   RO          956    .rodata.suotar_default_state  lto-llvm-116631.o
    0x07fcd72c   0x07fcd72c   0x00000010   Data   RO          955    .rodata.suotar_itf  lto-llvm-116631.o
    0x07fcd73c   0x07fcd73c   0x00000007   Data   RO          975    .rodata.user_security_conf  lto-llvm-116631.o
    0x07fcd743   0x07fcd743   0x00000001   PAD
    0x07fcd744   0x07fcd744   0x00000030   Data   RO         1016    Region$$Table       anon$$obj.o
    0x07fcd774   0x07fcd774   0x00000004   Data   RW          433    .data               mc_p.l(errno.o)
    0x07fcd778   0x07fcd778   0x00000004   Data   RW          938    .data.startup_sleep_delay  lto-llvm-116631.o


    Execution Region ER_PRODTEST (Exec base: 0x07fcd780, Load base: 0x07fcd77c, Size: 0x00000000, Max: 0xffffffff, ABSOLUTE, UNINIT)

    **** No section assigned to this execution region ****


    Execution Region ER_ZI (Exec base: 0x07fcd780, Load base: 0x07fcd77c, Size: 0x000007b0, Max: 0xffffffff, ABSOLUTE)

    Exec Addr    Load Addr    Size         Type   Attr      Idx    E Section Name        Object

    0x07fcd780        -       0x0000005a   Zero   RW         1007    .bss..L_MergedGlobals.318  lto-llvm-116631.o
    0x07fcd7da        -       0x00000032   Zero   RW          998    .bss.buf2           lto-llvm-116631.o
    0x07fcd80c        -       0x00000001   Zero   RW          946    .bss.cal_failed     lto-llvm-116631.o
    0x07fcd80d   0x07fcd77c   0x00000003   PAD
    0x07fcd810        -       0x00000100   Zero   RW          931    .bss.current_msg_buffer  lto-llvm-116631.o
    0x07fcd910        -       0x0000000c   Zero   RW          944    .bss.spi_flash_cfg_env  lto-llvm-116631.o
    0x07fcd91c        -       0x00000010   Zero   RW          943    .bss.trng_bits      lto-llvm-116631.o
    0x07fcd92c   0x07fcd77c   0x00000004   PAD
    0x07fcd930        -       0x00000600   Zero   RW            3    STACK               startup_da14585_586.o


    Execution Region ER_NZI (Exec base: 0x07fcdf30, Load base: 0x07fcd77c, Size: 0x0000040c, Max: 0xffffffff, ABSOLUTE, UNINIT)

    Exec Addr    Load Addr    Size         Type   Attr      Idx    E Section Name        Object

    0x07fcdf30        -       0x0000040c   Zero   RW          934    .bss.heap_mem_area_not_ret  lto-llvm-116631.o



  Load Region LR_RETAINED_RAM0 (Base: 0x07fd1940, Size: 0x00000000, Max: 0x000042c4, ABSOLUTE)

    Execution Region RET_DATA_UNINIT (Exec base: 0x07fd1940, Load base: 0x07fd1940, Size: 0x00000000, Max: 0x00000000, ABSOLUTE, UNINIT)

    **** No section assigned to this execution region ****


    Execution Region RET_DATA (Exec base: 0x07fd1940, Load base: 0x07fd1940, Size: 0x000020bc, Max: 0x000032c8, ABSOLUTE)

    Exec Addr    Load Addr    Size         Type   Attr      Idx    E Section Name        Object

    0x07fd1940        -       0x000020bc   Zero   RW          954    .bss.retention_mem_area0  lto-llvm-116631.o


    Execution Region RET_HEAP (Exec base: 0x07fd39fc, Load base: 0x07fd1940, Size: 0x00000ffc, Max: 0x00000ffc, ABSOLUTE, UNINIT)

    Exec Addr    Load Addr    Size         Type   Attr      Idx    E Section Name        Object

    0x07fd39fc        -       0x0000080c   Zero   RW          936    .bss.heap_db_area   lto-llvm-116631.o
    0x07fd4208        -       0x00000274   Zero   RW          935    .bss.heap_env_area  lto-llvm-116631.o
    0x07fd447c        -       0x0000057c   Zero   RW          937    .bss.heap_msg_area  lto-llvm-116631.o



  Load Region LR_FREE_AREA (Base: 0x07fd7278, Size: 0x00000000, Max: 0x00000388, ABSOLUTE)

    Execution Region ER_FREE_AREA (Exec base: 0x07fd7278, Load base: 0x07fd7278, Size: 0x00000000, Max: 0x00000388, ABSOLUTE)

    **** No section assigned to this execution region ****


==============================================================================

Image component sizes


      Code (inc. data)   RO Data    RW Data    ZI Data      Debug   Object Name

     28762       3018      13736          4      14957     287257   lto-llvm-116631.o
        80         16        160          0       1536        788   startup_da14585_586.o

    ----------------------------------------------------------------------
     28876       3034      13948          4      16580     288045   Object Totals
         0          0         48          0         80          0   (incl. Generated)
        34          0          4          0          7          0   (incl. Padding)

    ----------------------------------------------------------------------

      Code (inc. data)   RO Data    RW Data    ZI Data      Debug   Library Member Name

      5444        230        224          0          0       1008   patch.o
       276         26          0          0          0        172   rf_calibration.o
       232         14          0          0          0        112   smpc_util.o
       152         10          0          0          0        104   cos.o
       244         20         48          0          0         92   cos_i.o
        46          6          0          0          0        204   dunder.o
        44          4          0          0          0         60   fpclassify.o
       172          0          0          0          0         76   poly.o
       974         86        204          0          0        200   rred.o
       156         10          0          0          0        104   sin.o
       236         14         40          0          0        100   sin_i.o
         0          0          0          0          0          0   entry.o
         0          0          0          0          0          0   entry10a.o
         0          0          0          0          0          0   entry11a.o
         8          4          0          0          0          0   entry2.o
         4          0          0          0          0          0   entry5.o
         0          0          0          0          0          0   entry7b.o
         0          0          0          0          0          0   entry8b.o
         8          4          0          0          0          0   entry9a.o
        12          6          0          4          0         60   errno.o
        30          0          0          0          0          0   handlers.o
        48         10          0          0          0         68   init.o
         0          0          0          0          0          0   iusefp.o
        38          0          0          0          0         68   llsshr.o
        34          0          0          0          0         68   llushr.o
      1190         48          0          0          0        384   printf8.o
        96          0          0          0          0         84   uldiv.o
       356          4          0          0          0        140   dadd.o
       240          6          0          0          0         84   ddiv.o
       236          0          0          0          0        216   depilogue.o
        72         10          0          0          0         72   dfixi.o
        40          6          0          0          0         68   dflti.o
        28          4          0          0          0         68   dfltui.o
       208          6          0          0          0         88   dmul.o
        44          0          0          0          0         72   dscalb.o

    ----------------------------------------------------------------------
     10676        528        520          4          0       3772   Library Totals
         8          0          4          0          0          0   (incl. Padding)

    ----------------------------------------------------------------------

      Code (inc. data)   RO Data    RW Data    ZI Data      Debug   Library Name

      5952        270        224          0          0       1292   da14585_586.lib
      2024        150        292          0          0        940   m_ps.l
      1468         72          0          4          0        732   mc_p.l
      1224         36          0          0          0        808   mf_p.l

    ----------------------------------------------------------------------
     10676        528        520          4          0       3772   Library Totals

    ----------------------------------------------------------------------

==============================================================================


      Code (inc. data)   RO Data    RW Data    ZI Data      Debug   

     39552       3562      14468          8      16580     290561   Grand Totals
     39552       3562      14468          8      16580     290561   ELF Image Totals
     39552       3562      14468          8          0          0   ROM Totals

==============================================================================

    Total RO  Size (Code + RO Data)                54020 (  52.75kB)
    Total RW  Size (RW Data + ZI Data)             16588 (  16.20kB)
    Total ROM Size (Code + RO Data + RW Data)      54028 (  52.76kB)

==============================================================================

